Component: Arm Compiler for Embedded 6.24 Tool: armlink [5f371500]

==============================================================================

Section Cross References

    startup_stm32h723xx.o(RESET) refers to startup_stm32h723xx.o(STACK) for __initial_sp
    startup_stm32h723xx.o(RESET) refers to startup_stm32h723xx.o(.text) for Reset_Handler
    startup_stm32h723xx.o(RESET) refers to stm32h7xx_it.o(.text.NMI_Handler) for NMI_Handler
    startup_stm32h723xx.o(RESET) refers to stm32h7xx_it.o(.text.HardFault_Handler) for HardFault_Handler
    startup_stm32h723xx.o(RESET) refers to stm32h7xx_it.o(.text.MemManage_Handler) for MemManage_Handler
    startup_stm32h723xx.o(RESET) refers to stm32h7xx_it.o(.text.BusFault_Handler) for BusFault_Handler
    startup_stm32h723xx.o(RESET) refers to stm32h7xx_it.o(.text.UsageFault_Handler) for UsageFault_Handler
    startup_stm32h723xx.o(RESET) refers to stm32h7xx_it.o(.text.SVC_Handler) for SVC_Handler
    startup_stm32h723xx.o(RESET) refers to stm32h7xx_it.o(.text.DebugMon_Handler) for DebugMon_Handler
    startup_stm32h723xx.o(RESET) refers to stm32h7xx_it.o(.text.PendSV_Handler) for PendSV_Handler
    startup_stm32h723xx.o(RESET) refers to stm32h7xx_it.o(.text.SysTick_Handler) for SysTick_Handler
    startup_stm32h723xx.o(.text) refers to system_stm32h7xx.o(.text.SystemInit) for SystemInit
    startup_stm32h723xx.o(.text) refers to entry.o(.ARM.Collect$$$$00000000) for __main
    main.o(.text.LED_test) refers to stm32h7xx_hal_gpio.o(.text.HAL_GPIO_Init) for HAL_GPIO_Init
    main.o(.ARM.exidx.text.LED_test) refers to main.o(.text.LED_test) for [Anonymous Symbol]
    main.o(.text.main) refers to stm32h7xx_hal_cortex.o(.text.HAL_MPU_Disable) for HAL_MPU_Disable
    main.o(.text.main) refers to stm32h7xx_hal_cortex.o(.text.HAL_MPU_ConfigRegion) for HAL_MPU_ConfigRegion
    main.o(.text.main) refers to stm32h7xx_hal_cortex.o(.text.HAL_MPU_Enable) for HAL_MPU_Enable
    main.o(.text.main) refers to stm32h7xx_hal.o(.text.HAL_Init) for HAL_Init
    main.o(.text.main) refers to main.o(.text.SystemClock_Config) for SystemClock_Config
    main.o(.text.main) refers to gpio.o(.text.MX_GPIO_Init) for MX_GPIO_Init
    main.o(.text.main) refers to fmc.o(.text.MX_FMC_Init) for MX_FMC_Init
    main.o(.text.main) refers to usart.o(.text.MX_USART1_UART_Init) for MX_USART1_UART_Init
    main.o(.text.main) refers to delay.o(.text.Delay_Init) for Delay_Init
    main.o(.text.main) refers to lcd_init.o(.text.LCD_Init) for LCD_Init
    main.o(.text.main) refers to touch.o(.data.tp_dev) for tp_dev
    main.o(.text.main) refers to stm32h7xx_hal_gpio.o(.text.HAL_GPIO_Init) for HAL_GPIO_Init
    main.o(.text.main) refers to my_fft.o(.text.my_fft_init) for my_fft_init
    main.o(.text.main) refers to lcd.o(.text.LCD_Clear) for LCD_Clear
    main.o(.text.main) refers to main.o(.bss.fft_data) for fft_data
    main.o(.text.main) refers to main.o(.bss.fmc_adc_data) for fmc_adc_data
    main.o(.text.main) refers to fmc_fpga.o(.text.FMC_SelfTest_Display) for FMC_SelfTest_Display
    main.o(.text.main) refers to stm32h7xx_hal.o(.text.HAL_Delay) for HAL_Delay
    main.o(.ARM.exidx.text.main) refers to main.o(.text.main) for [Anonymous Symbol]
    main.o(.text.SystemClock_Config) refers to memseta.o(.text) for __aeabi_memclr4
    main.o(.text.SystemClock_Config) refers to stm32h7xx_hal_pwr_ex.o(.text.HAL_PWREx_ConfigSupply) for HAL_PWREx_ConfigSupply
    main.o(.text.SystemClock_Config) refers to stm32h7xx_hal_rcc.o(.text.HAL_RCC_OscConfig) for HAL_RCC_OscConfig
    main.o(.text.SystemClock_Config) refers to stm32h7xx_hal_rcc.o(.text.HAL_RCC_ClockConfig) for HAL_RCC_ClockConfig
    main.o(.ARM.exidx.text.SystemClock_Config) refers to main.o(.text.SystemClock_Config) for [Anonymous Symbol]
    main.o(.ARM.exidx.text.Error_Handler) refers to main.o(.text.Error_Handler) for [Anonymous Symbol]
    gpio.o(.text.MX_GPIO_Init) refers to stm32h7xx_hal_gpio.o(.text.HAL_GPIO_WritePin) for HAL_GPIO_WritePin
    gpio.o(.text.MX_GPIO_Init) refers to stm32h7xx_hal_gpio.o(.text.HAL_GPIO_Init) for HAL_GPIO_Init
    gpio.o(.ARM.exidx.text.MX_GPIO_Init) refers to gpio.o(.text.MX_GPIO_Init) for [Anonymous Symbol]
    fmc.o(.text.MX_FMC_Init) refers to fmc.o(.bss.hsram1) for hsram1
    fmc.o(.text.MX_FMC_Init) refers to stm32h7xx_hal_sram.o(.text.HAL_SRAM_Init) for HAL_SRAM_Init
    fmc.o(.text.MX_FMC_Init) refers to main.o(.text.Error_Handler) for Error_Handler
    fmc.o(.text.MX_FMC_Init) refers to fmc.o(.bss.hsram2) for hsram2
    fmc.o(.ARM.exidx.text.MX_FMC_Init) refers to fmc.o(.text.MX_FMC_Init) for [Anonymous Symbol]
    fmc.o(.text.HAL_SRAM_MspInit) refers to fmc.o(.bss.FMC_Initialized) for FMC_Initialized
    fmc.o(.text.HAL_SRAM_MspInit) refers to memseta.o(.text) for __aeabi_memclr8
    fmc.o(.text.HAL_SRAM_MspInit) refers to stm32h7xx_hal_rcc_ex.o(.text.HAL_RCCEx_PeriphCLKConfig) for HAL_RCCEx_PeriphCLKConfig
    fmc.o(.text.HAL_SRAM_MspInit) refers to main.o(.text.Error_Handler) for Error_Handler
[...]
    .text                                    0x08000304   Section        0  uldiv.o(.text)
    .text                                    0x08000366   Section        0  memseta.o(.text)
    .text                                    0x0800038a   Section        0  strncpy.o(.text)
    .text                                    0x080003a2   Section        0  strncmp.o(.text)
    .text                                    0x080003c0   Section        0  uidiv.o(.text)
    .text                                    0x080003ec   Section        0  llshl.o(.text)
    .text                                    0x0800040a   Section        0  llushr.o(.text)
    .text                                    0x0800042a   Section        0  iusefp.o(.text)
    .text                                    0x0800042a   Section        0  dadd.o(.text)
    .text                                    0x08000578   Section        0  dmul.o(.text)
    .text                                    0x0800065c   Section        0  ddiv.o(.text)
    .text                                    0x0800073a   Section        0  dfixul.o(.text)
    .text                                    0x0800076c   Section       48  cdrcmple.o(.text)
    .text                                    0x0800079c   Section       48  init.o(.text)
    .text                                    0x080007cc   Section        0  llsshr.o(.text)
    .text                                    0x080007f0   Section        0  depilogue.o(.text)
    [Anonymous Symbol]                       0x080008b0   Section        0  stm32h7xx_it.o(.text.BusFault_Handler)
    [Anonymous Symbol]                       0x080008b8   Section        0  stm32h7xx_it.o(.text.DebugMon_Handler)
    [Anonymous Symbol]                       0x080008c0   Section        0  delay.o(.text.Delay_Init)
    [Anonymous Symbol]                       0x080008d0   Section        0  delay.o(.text.Delay_us)
    [Anonymous Symbol]                       0x08000928   Section        0  main.o(.text.Error_Handler)
    [Anonymous Symbol]                       0x08000938   Section        0  stm32h7xx_ll_fmc.o(.text.FMC_NORSRAM_Extended_Timing_Init)
    [Anonymous Symbol]                       0x08000988   Section        0  stm32h7xx_ll_fmc.o(.text.FMC_NORSRAM_Init)
    [Anonymous Symbol]                       0x08000a18   Section        0  stm32h7xx_ll_fmc.o(.text.FMC_NORSRAM_Timing_Init)
    [Anonymous Symbol]                       0x08000a78   Section        0  fmc_fpga.o(.text.FMC_SelfTest_Display)
    [Anonymous Symbol]                       0x08001810   Section        0  stm32h7xx_hal.o(.text.HAL_Delay)
    [Anonymous Symbol]                       0x08001838   Section        0  stm32h7xx_hal_gpio.o(.text.HAL_GPIO_Init)
    [Anonymous Symbol]                       0x080019e0   Section        0  stm32h7xx_hal_gpio.o(.text.HAL_GPIO_ReadPin)
    [Anonymous Symbol]                       0x080019f0   Section        0  stm32h7xx_hal_gpio.o(.text.HAL_GPIO_WritePin)
    [Anonymous Symbol]                       0x08001a00   Section        0  stm32h7xx_hal.o(.text.HAL_GetTick)
    [Anonymous Symbol]                       0x08001a10   Section        0  stm32h7xx_hal.o(.text.HAL_IncTick)
    [Anonymous Symbol]                       0x08001a30   Section        0  stm32h7xx_hal.o(.text.HAL_Init)
    [Anonymous Symbol]                       0x08001a98   Section        0  stm32h7xx_hal.o(.text.HAL_InitTick)
    [Anonymous Symbol]                       0x08001ae8   Section        0  stm32h7xx_hal_cortex.o(.text.HAL_MPU_ConfigRegion)
    [Anonymous Symbol]                       0x08001b48   Section        0  stm32h7xx_hal_cortex.o(.text.HAL_MPU_Disable)
    [Anonymous Symbol]                       0x08001b68   Section        0  stm32h7xx_hal_cortex.o(.text.HAL_MPU_Enable)
    [Anonymous Symbol]                       0x08001b88   Section        0  stm32h7xx_hal_msp.o(.text.HAL_MspInit)
    [Anonymous Symbol]                       0x08001ba8   Section        0  stm32h7xx_hal_cortex.o(.text.HAL_NVIC_SetPriority)
    [Anonymous Symbol]                       0x08001c08   Section        0  stm32h7xx_hal_cortex.o(.text.HAL_NVIC_SetPriorityGrouping)
    [Anonymous Symbol]                       0x08001c28   Section        0  stm32h7xx_hal_pwr_ex.o(.text.HAL_PWREx_ConfigSupply)
    [Anonymous Symbol]                       0x08001c78   Section        0  stm32h7xx_hal_rcc_ex.o(.text.HAL_RCCEx_GetD3PCLK1Freq)
    [Anonymous Symbol]                       0x08001ca0   Section        0  stm32h7xx_hal_rcc_ex.o(.text.HAL_RCCEx_GetPLL2ClockFreq)
    [Anonymous Symbol]                       0x08001dc8   Section        0  stm32h7xx_hal_rcc_ex.o(.text.HAL_RCCEx_GetPLL3ClockFreq)
    [Anonymous Symbol]                       0x08001ef0   Section        0  stm32h7xx_hal_rcc_ex.o(.text.HAL_RCCEx_PeriphCLKConfig)
    [Anonymous Symbol]                       0x08002970   Section        0  stm32h7xx_hal_rcc.o(.text.HAL_RCC_ClockConfig)
    [Anonymous Symbol]                       0x08002bc8   Section        0  stm32h7xx_hal_rcc.o(.text.HAL_RCC_GetHCLKFreq)
    [Anonymous Symbol]                       0x08002c18   Section        0  stm32h7xx_hal_rcc.o(.text.HAL_RCC_GetPCLK1Freq)
    [Anonymous Symbol]                       0x08002c78   Section        0  stm32h7xx_hal_rcc.o(.text.HAL_RCC_GetPCLK2Freq)
    [Anonymous Symbol]                       0x08002cd8   Section        0  stm32h7xx_hal_rcc.o(.text.HAL_RCC_GetSysClockFreq)
    [Anonymous Symbol]                       0x08002df8   Section        0  stm32h7xx_hal_rcc.o(.text.HAL_RCC_OscConfig)
    [Anonymous Symbol]                       0x08003328   Section        0  stm32h7xx_hal_sram.o(.text.HAL_SRAM_Init)
    [Anonymous Symbol]                       0x08003398   Section        0  fmc.o(.text.HAL_SRAM_MspInit)
    [Anonymous Symbol]                       0x08003478   Section        0  stm32h7xx_hal_cortex.o(.text.HAL_SYSTICK_Config)
    [Anonymous Symbol]                       0x080034a8   Section        0  stm32h7xx_hal_uart_ex.o(.text.HAL_UARTEx_DisableFifoMode)
    [Anonymous Symbol]                       0x080034e0   Section        0  stm32h7xx_hal_uart_ex.o(.text.HAL_UARTEx_SetRxFifoThreshold)
    [Anonymous Symbol]                       0x08003570   Section        0  stm32h7xx_hal_uart_ex.o(.text.HAL_UARTEx_SetTxFifoThreshold)
    [Anonymous Symbol]                       0x08003600   Section        0  stm32h7xx_hal_uart.o(.text.HAL_UART_Init)
    [Anonymous Symbol]                       0x08003668   Section        0  usart.o(.text.HAL_UART_MspInit)
    [Anonymous Symbol]                       0x08003700   Section        0  stm32h7xx_hal_uart.o(.text.HAL_UART_Transmit)
    [Anonymous Symbol]                       0x080038b0   Section        0  stm32h7xx_it.o(.text.HardFault_Handler)
    [Anonymous Symbol]                       0x080038b8   Section        0  lcd.o(.text.LCD_Clear)
    [Anonymous Symbol]                       0x08003918   Section        0  lcd.o(.text.LCD_Draw_Line)
    [Anonymous Symbol]                       0x080039c8   Section        0  lcd.o(.text.LCD_Draw_Rectangle)
    [Anonymous Symbol]                       0x08003b10   Section        0  lcd.o(.text.LCD_Fill)
    [Anonymous Symbol]                       0x08003bb0   Section        0  lcd_ic_init.o(.text.LCD_IC_nt35510_reginit)
    [Anonymous Symbol]                       0x08004b20   Section        0  lcd_init.o(.text.LCD_Init)
    [Anonymous Symbol]                       0x08004d58   Section        0  lcd_init.o(.text.LCD_Scan_Dir)
    [Anonymous Symbol]                       0x08004f48   Section        0  lcd_init.o(.text.LCD_Set_Cursor)
    [Anonymous Symbol]                       0x08005018   Section        0  lcd.o(.text.LCD_Show_Char)
    [Anonymous Symbol]                       0x080058a0   Section        0  lcd.o(.text.LCD_Show_String)
    [Anonymous Symbol]                       0x08005918   Section        0  lcd_init.o(.text.LCD_WR_REG)
    [Anonymous Symbol]                       0x08005938   Section        0  lcd_init.o(.text.LCD_WriteReg)
    [Anonymous Symbol]                       0x08005948   Section        0  lcd_init.o(.text.LCD_Write_RAM_Prepare)
    [Anonymous Symbol]                       0x08005960   Section        0  fmc.o(.text.MX_FMC_Init)
    [Anonymous Symbol]                       0x08005a50   Section        0  gpio.o(.text.MX_GPIO_Init)
    [Anonymous Symbol]                       0x08005b78   Section        0  usart.o(.text.MX_USART1_UART_Init)
    [Anonymous Symbol]                       0x08005bf8   Section        0  stm32h7xx_it.o(.text.MemManage_Handler)
    [Anonymous Symbol]                       0x08005c00   Section        0  stm32h7xx_it.o(.text.NMI_Handler)
    [Anonymous Symbol]                       0x08005c08   Section        0  stm32h7xx_it.o(.text.PendSV_Handler)
    RCCEx_PLL2_Config                        0x08005c11   Thumb Code   290  stm32h7xx_hal_rcc_ex.o(.text.RCCEx_PLL2_Config)
    [Anonymous Symbol]                       0x08005c10   Section        0  stm32h7xx_hal_rcc_ex.o(.text.RCCEx_PLL2_Config)
    RCCEx_PLL3_Config                        0x08005d39   Thumb Code   290  stm32h7xx_hal_rcc_ex.o(.text.RCCEx_PLL3_Config)
    [Anonymous Symbol]                       0x08005d38   Section        0  stm32h7xx_hal_rcc_ex.o(.text.RCCEx_PLL3_Config)
    [Anonymous Symbol]                       0x08005e60   Section        0  stm32h7xx_it.o(.text.SVC_Handler)
    [Anonymous Symbol]                       0x08005e68   Section        0  stm32h7xx_it.o(.text.SysTick_Handler)
    [Anonymous Symbol]                       0x08005e70   Section        0  main.o(.text.SystemClock_Config)
    [Anonymous Symbol]                       0x08005f38   Section        0  system_stm32h7xx.o(.text.SystemInit)
    [Anonymous Symbol]                       0x08005fe8   Section        0  stm32h7xx_hal_uart.o(.text.UART_AdvFeatureConfig)
    [Anonymous Symbol]                       0x080060c8   Section        0  stm32h7xx_hal_uart.o(.text.UART_CheckIdleState)
    [Anonymous Symbol]                       0x08006238   Section        0  stm32h7xx_hal_uart.o(.text.UART_SetConfig)
    [Anonymous Symbol]                       0x080066d8   Section        0  stm32h7xx_hal_uart.o(.text.UART_WaitOnFlagUntilTimeout)
    UI_DrawStaticRow                         0x08006a31   Thumb Code   288  fmc_fpga.o(.text.UI_DrawStaticRow)
    [Anonymous Symbol]                       0x08006a30   Section        0  fmc_fpga.o(.text.UI_DrawStaticRow)
    UI_UpdateRowValue                        0x08006b51   Thumb Code   604  fmc_fpga.o(.text.UI_UpdateRowValue)
    [Anonymous Symbol]                       0x08006b50   Section        0  fmc_fpga.o(.text.UI_UpdateRowValue)
    [Anonymous Symbol]                       0x08006db8   Section        0  stm32h7xx_it.o(.text.UsageFault_Handler)
    [Anonymous Symbol]                       0x08006dc0   Section        0  filteringfunctions.o(.text.arm_fir_init_f32)
    [Anonymous Symbol]                       0x08006de8   Section        0  transformfunctions.o(.text.arm_rfft_fast_init_f32)
    [Anonymous Symbol]                       0x08006f60   Section        0  ctiic.o(.text.ct_iic_init)
    [Anonymous Symbol]                       0x08007010   Section        0  ctiic.o(.text.ct_iic_read_byte)
    [Anonymous Symbol]                       0x08007288   Section        0  ctiic.o(.text.ct_iic_send_byte)
    [Anonymous Symbol]                       0x08007438   Section        0  ctiic.o(.text.ct_iic_start)
    [Anonymous Symbol]                       0x08007490   Section        0  ctiic.o(.text.ct_iic_stop)
    [Anonymous Symbol]                       0x080074d8   Section        0  ctiic.o(.text.ct_iic_wait_ack)
    [Anonymous Symbol]                       0x08007588   Section        0  usart.o(.text.fputc)
    [Anonymous Symbol]                       0x080075a8   Section        0  gt9xxx.o(.text.gt9xxx_init)
    [Anonymous Symbol]                       0x080076b0   Section        0  gt9xxx.o(.text.gt9xxx_rd_reg)
    [Anonymous Symbol]                       0x08007710   Section        0  gt9xxx.o(.text.gt9xxx_scan)
    [Anonymous Symbol]                       0x080078e0   Section        0  gt9xxx.o(.text.gt9xxx_wr_reg)
    [Anonymous Symbol]                       0x08007950   Section        0  main.o(.text.main)
    [Anonymous Symbol]                       0x08007b30   Section        0  my_fft.o(.text.my_fft_init)
    [Anonymous Symbol]                       0x08007b70   Section        0  touch.o(.text.tp_init)
    tp_read_xoy                              0x08007bb1   Thumb Code  1540  touch.o(.text.tp_read_xoy)
    [Anonymous Symbol]                       0x08007bb0   Section        0  touch.o(.text.tp_read_xoy)
    tp_read_xy2                              0x080081b9   Thumb Code   174  touch.o(.text.tp_read_xy2)
    [Anonymous Symbol]                       0x080081b8   Section        0  touch.o(.text.tp_read_xy2)
    [Anonymous Symbol]                       0x08008268   Section        0  touch.o(.text.tp_scan)
    i.__0printf                              0x08008358   Section        0  printfa.o(i.__0printf)
    i.__0sprintf                             0x08008378   Section        0  printfa.o(i.__0sprintf)
    i.__scatterload_copy                     0x080083a0   Section       14  handlers.o(i.__scatterload_copy)
    i.__scatterload_null                     0x080083ae   Section        2  handlers.o(i.__scatterload_null)
    i.__scatterload_zeroinit                 0x080083b0   Section       14  handlers.o(i.__scatterload_zeroinit)
    _fp_digits                               0x080083c1   Thumb Code   366  printfa.o(i._fp_digits)
    i._fp_digits                             0x080083c0   Section        0  printfa.o(i._fp_digits)
    _printf_core                             0x08008545   Thumb Code  1744  printfa.o(i._printf_core)
    i._printf_core                           0x08008544   Section        0  printfa.o(i._printf_core)
    _printf_post_padding                     0x08008c21   Thumb Code    36  printfa.o(i._printf_post_padding)
    i._printf_post_padding                   0x08008c20   Section        0  printfa.o(i._printf_post_padding)
    _printf_pre_padding                      0x08008c45   Thumb Code    46  printfa.o(i._printf_pre_padding)
    i._printf_pre_padding                    0x08008c44   Section        0  printfa.o(i._printf_pre_padding)
    _sputc                                   0x08008c73   Thumb Code    10  printfa.o(i._sputc)
    i._sputc                                 0x08008c72   Section        0  printfa.o(i._sputc)
    .Lswitch.table.LCD_Scan_Dir.1            0x08008c7c   Data          14  lcd_init.o(.rodata..Lswitch.table.LCD_Scan_Dir.1)
    .Lswitch.table.UART_SetConfig.7          0x08008c8a   Data           6  stm32h7xx_hal_uart.o(.rodata..Lswitch.table.UART_SetConfig.7)
    .Lswitch.table.UART_SetConfig.9          0x08008c90   Data           6  stm32h7xx_hal_uart.o(.rodata..Lswitch.table.UART_SetConfig.9)
    UARTEx_SetNbDataToProcess.numerator      0x0800f3c0   Data           8  stm32h7xx_hal_uart_ex.o(.rodata.cst8)
    [Anonymous Symbol]                       0x0800f3c0   Section        0  stm32h7xx_hal_uart_ex.o(.rodata.cst8)
    UARTEx_SetNbDataToProcess.denominator    0x0800f3c8   Data           8  stm32h7xx_hal_uart_ex.o(.rodata.cst8)
    .L.str.7                                 0x0800f3d0   Data           4  fmc_fpga.o(.rodata.str1.1)
    [Anonymous Symbol]                       0x0800f3d0   Section        0  fmc_fpga.o(.rodata.str1.1)
    .L.str.11                                0x0800f3d4   Data           5  fmc_fpga.o(.rodata.str1.1)
    .L.str.12                                0x0800f3d9   Data           4  fmc_fpga.o(.rodata.str1.1)
    .data                                    0x24000000   Section        4  stdout.o(.data)
    .L_MergedGlobals                         0x24000004   Data           8  stm32h7xx_hal.o(.data..L_MergedGlobals)
    [Anonymous Symbol]                       0x24000004   Section        0  stm32h7xx_hal.o(.data..L_MergedGlobals)
    .L_MergedGlobals                         0x2400000c   Data           8  system_stm32h7xx.o(.data..L_MergedGlobals)
    [Anonymous Symbol]                       0x2400000c   Section        0  system_stm32h7xx.o(.data..L_MergedGlobals)
    .L_MergedGlobals                         0x24000068   Data          28  fmc_fpga.o(.bss..L_MergedGlobals)
    FMC_SelfTest_Display.ui_ready            0x24000068   Data           1  fmc_fpga.o(.bss..L_MergedGlobals)
    [Anonymous Symbol]                       0x24000068   Section        0  fmc_fpga.o(.bss..L_MergedGlobals)
    FMC_SelfTest_Display.hb_init             0x24000069   Data           1  fmc_fpga.o(.bss..L_MergedGlobals)
    ui_status_valid                          0x2400006a   Data           1  fmc_fpga.o(.bss..L_MergedGlobals)
    ui_status_ok                             0x2400006b   Data           1  fmc_fpga.o(.bss..L_MergedGlobals)
    FMC_SelfTest_Display.ui_w                0x24000072   Data           2  fmc_fpga.o(.bss..L_MergedGlobals)
    FMC_SelfTest_Display.ui_h                0x24000074   Data           2  fmc_fpga.o(.bss..L_MergedGlobals)
    FMC_SelfTest_Display.hb50_prev           0x24000076   Data           2  fmc_fpga.o(.bss..L_MergedGlobals)
    FMC_SelfTest_Display.hb130_prev          0x24000078   Data           2  fmc_fpga.o(.bss..L_MergedGlobals)
    FMC_SelfTest_Display.hb50_last_ms        0x2400007c   Data           4  fmc_fpga.o(.bss..L_MergedGlobals)
    FMC_SelfTest_Display.hb130_last_ms       0x24000080   Data           4  fmc_fpga.o(.bss..L_MergedGlobals)
    .L_MergedGlobals                         0x24000084   Data          60  my_fft.o(.bss..L_MergedGlobals)
    [Anonymous Symbol]                       0x24000084   Section        0  my_fft.o(.bss..L_MergedGlobals)
    .L_MergedGlobals                         0x240000c0   Data          92  lcd_init.o(.bss..L_MergedGlobals)
    [Anonymous Symbol]                       0x240000c0   Section        0  lcd_init.o(.bss..L_MergedGlobals)
    FMC_Initialized                          0x2400011c   Data           1  fmc.o(.bss.FMC_Initialized)
    [Anonymous Symbol]                       0x2400011c   Section        0  fmc.o(.bss.FMC_Initialized)
    LOW_5M_100_state                         0x24000120   Data         404  my_fft.o(.bss.LOW_5M_100_state)
    [Anonymous Symbol]                       0x24000120   Section        0  my_fft.o(.bss.LOW_5M_100_state)
    g_fac_us                                 0x24001ab4   Data           4  delay.o(.bss.g_fac_us)
    [Anonymous Symbol]                       0x24001ab4   Section        0  delay.o(.bss.g_fac_us)
    gt9xxx_scan.t                            0x24001ab8   Data           1  gt9xxx.o(.bss.gt9xxx_scan.t)
    [Anonymous Symbol]                       0x24001ab8   Section        0  gt9xxx.o(.bss.gt9xxx_scan.t)
    ui_row_cache                             0x24001be8   Data         108  fmc_fpga.o(.bss.ui_row_cache)
    [Anonymous Symbol]                       0x24001be8   Section        0  fmc_fpga.o(.bss.ui_row_cache)
    STACK                                    0x24001c58   Section     1024  startup_stm32h723xx.o(STACK)

    Global Symbols

    Symbol Name                              Value     Ov Type        Size  Object(Section)

    BuildAttributes$$THM_ISAv4$E$P$D$K$B$S$7EM$VFPv5_D16$PE$PLD8$A:L22UL41UL21$X:L11$S22US41US21$IEEE1$IW$~IW$USESV6$~STKCKD$USESV7$~SHL$OTIME$ROPI$IEEEX$EBA8$MICROLIB$REQ8$PRES8$EABIv2 0x00000000   Number         0  anon$$obj.o ABSOLUTE
    _printf_a                                0x00000000   Number         0  printfstubs.o ABSOLUTE
    _printf_c                                0x00000000   Number         0  printfstubs.o ABSOLUTE
    _printf_charcount                        0x00000000   Number         0  printfstubs.o ABSOLUTE
    _printf_d                                0x00000000   Number         0  printfstubs.o ABSOLUTE
    _printf_e                                0x00000000   Number         0  printfstubs.o ABSOLUTE
    _printf_f                                0x00000000   Number         0  printfstubs.o ABSOLUTE
    _printf_flags                            0x00000000   Number         0  printfstubs.o ABSOLUTE
    _printf_fp_dec                           0x00000000   Number         0  printfstubs.o ABSOLUTE
    _printf_fp_hex                           0x00000000   Number         0  printfstubs.o ABSOLUTE
    _printf_g                                0x00000000   Number         0  printfstubs.o ABSOLUTE
    _printf_i                                0x00000000   Number         0  printfstubs.o ABSOLUTE
    _printf_int_dec                          0x00000000   Number         0  printfstubs.o ABSOLUTE
    _printf_l                                0x00000000   Number         0  printfstubs.o ABSOLUTE
    _printf_lc                               0x00000000   Number         0  printfstubs.o ABSOLUTE
    _printf_ll                               0x00000000   Number         0  printfstubs.o ABSOLUTE
    _printf_lld                              0x00000000   Number         0  printfstubs.o ABSOLUTE
    _printf_lli                              0x00000000   Number         0  printfstubs.o ABSOLUTE
    _printf_llo                              0x00000000   Number         0  printfstubs.o ABSOLUTE
    _printf_llu                              0x00000000   Number         0  printfstubs.o ABSOLUTE
    _printf_llx                              0x00000000   Number         0  printfstubs.o ABSOLUTE
    _printf_longlong_dec                     0x00000000   Number         0  printfstubs.o ABSOLUTE
    _printf_longlong_hex                     0x00000000   Number         0  printfstubs.o ABSOLUTE
    _printf_longlong_oct                     0x00000000   Number         0  printfstubs.o ABSOLUTE
    _printf_ls                               0x00000000   Number         0  printfstubs.o ABSOLUTE
    _printf_mbtowc                           0x00000000   Number         0  printfstubs.o ABSOLUTE
    _printf_n                                0x00000000   Number         0  printfstubs.o ABSOLUTE
    _printf_o                                0x00000000   Number         0  printfstubs.o ABSOLUTE
    _printf_p                                0x00000000   Number         0  printfstubs.o ABSOLUTE
    _printf_percent                          0x00000000   Number         0  printfstubs.o ABSOLUTE
    _printf_pre_padding                      0x00000000   Number         0  printfstubs.o ABSOLUTE
    _printf_return_value                     0x00000000   Number         0  printfstubs.o ABSOLUTE
    _printf_s                                0x00000000   Number         0  printfstubs.o ABSOLUTE
    _printf_sizespec                         0x00000000   Number         0  printfstubs.o ABSOLUTE
    _printf_str                              0x00000000   Number         0  printfstubs.o ABSOLUTE
    _printf_truncate_signed                  0x00000000   Number         0  printfstubs.o ABSOLUTE
    _printf_truncate_unsigned                0x00000000   Number         0  printfstubs.o ABSOLUTE
    _printf_u                                0x00000000   Number         0  printfstubs.o ABSOLUTE
    _printf_wc                               0x00000000   Number         0  printfstubs.o ABSOLUTE
    _printf_wctomb                           0x00000000   Number         0  printfstubs.o ABSOLUTE
    _printf_widthprec                        0x00000000   Number         0  printfstubs.o ABSOLUTE
    _printf_x                                0x00000000   Number         0  printfstubs.o ABSOLUTE
    __cpp_initialize__aeabi_                  - Undefined Weak Reference
    __cxa_finalize                            - Undefined Weak Reference
    __decompress                              - Undefined Weak Reference
    _clock_init                               - Undefined Weak Reference
    _microlib_exit                            - Undefined Weak Reference
    __Vectors_Size                           0x000002cc   Number         0  startup_stm32h723xx.o ABSOLUTE
    __Vectors                                0x08000000   Data           4  startup_stm32h723xx.o(RESET)
    __Vectors_End                            0x080002cc   Data           0  startup_stm32h723xx.o(RESET)
    __main                                   0x080002cd   Thumb Code     0  entry.o(.ARM.Collect$$$$00000000)
    _main_stk                                0x080002cd   Thumb Code     0  entry2.o(.ARM.Collect$$$$00000001)
    _main_scatterload                        0x080002d1   Thumb Code     0  entry5.o(.ARM.Collect$$$$00000004)
    __main_after_scatterload                 0x080002d5   Thumb Code     0  entry5.o(.ARM.Collect$$$$00000004)
    _main_clock                              0x080002d5   Thumb Code     0  entry7b.o(.ARM.Collect$$$$00000008)
    _main_cpp_init                           0x080002d5   Thumb Code     0  entry8b.o(.ARM.Collect$$$$0000000A)
    _main_init                               0x080002d5   Thumb Code     0  entry9a.o(.ARM.Collect$$$$0000000B)
    __rt_final_cpp                           0x080002dd   Thumb Code     0  entry10a.o(.ARM.Collect$$$$0000000D)
    __rt_final_exit                          0x080002dd   Thumb Code     0  entry11a.o(.ARM.Collect$$$$0000000F)
    Reset_Handler                            0x080002e1   Thumb Code     8  startup_stm32h723xx.o(.text)
    ADC3_IRQHandler                          0x080002fb   Thumb Code     0  startup_stm32h723xx.o(.text)
    ADC_IRQHandler                           0x080002fb   Thumb Code     0  startup_stm32h723xx.o(.text)
    BDMA_Channel0_IRQHandler                 0x080002fb   Thumb Code     0  startup_stm32h723xx.o(.text)
    BDMA_Channel1_IRQHandler                 0x080002fb   Thumb Code     0  startup_stm32h723xx.o(.text)
    BDMA_Channel2_IRQHandler                 0x080002fb   Thumb Code     0  startup_stm32h723xx.o(.text)
    BDMA_Channel3_IRQHandler                 0x080002fb   Thumb Code     0  startup_stm32h723xx.o(.text)
    BDMA_Channel4_IRQHandler                 0x080002fb   Thumb Code     0  startup_stm32h723xx.o(.text)
    BDMA_Channel5_IRQHandler                 0x080002fb   Thumb Code     0  startup_stm32h723xx.o(.text)
    BDMA_Channel6_IRQHandler                 0x080002fb   Thumb Code     0  startup_stm32h723xx.o(.text)
    BDMA_Channel7_IRQHandler                 0x080002fb   Thumb Code     0  startup_stm32h723xx.o(.text)
    CEC_IRQHandler                           0x080002fb   Thumb Code     0  startup_stm32h723xx.o(.text)
    COMP1_IRQHandler                         0x080002fb   Thumb Code     0  startup_stm32h723xx.o(.text)
    CORDIC_IRQHandler                        0x080002fb   Thumb Code     0  startup_stm32h723xx.o(.text)
    CRS_IRQHandler                           0x080002fb   Thumb Code     0  startup_stm32h723xx.o(.text)
    DCMI_PSSI_IRQHandler                     0x080002fb   Thumb Code     0  startup_stm32h723xx.o(.text)
    DFSDM1_FLT0_IRQHandler                   0x080002fb   Thumb Code     0  startup_stm32h723xx.o(.text)
    DFSDM1_FLT1_IRQHandler                   0x080002fb   Thumb Code     0  startup_stm32h723xx.o(.text)
    DFSDM1_FLT2_IRQHandler                   0x080002fb   Thumb Code     0  startup_stm32h723xx.o(.text)
    DFSDM1_FLT3_IRQHandler                   0x080002fb   Thumb Code     0  startup_stm32h723xx.o(.text)
    DMA1_Stream0_IRQHandler                  0x080002fb   Thumb Code     0  startup_stm32h723xx.o(.text)
    DMA1_Stream1_IRQHandler                  0x080002fb   Thumb Code     0  startup_stm32h723xx.o(.text)
    DMA1_Stream2_IRQHandler                  0x080002fb   Thumb Code     0  startup_stm32h723xx.o(.text)
    DMA1_Stream3_IRQHandler                  0x080002fb   Thumb Code     0  startup_stm32h723xx.o(.text)
    DMA1_Stream4_IRQHandler                  0x080002fb   Thumb Code     0  startup_stm32h723xx.o(.text)
    DMA1_Stream5_IRQHandler                  0x080002fb   Thumb Code     0  startup_stm32h723xx.o(.text)
    DMA1_Stream6_IRQHandler                  0x080002fb   Thumb Code     0  startup_stm32h723xx.o(.text)
    DMA1_Stream7_IRQHandler                  0x080002fb   Thumb Code     0  startup_stm32h723xx.o(.text)
    DMA2D_IRQHandler                         0x080002fb   Thumb Code     0  startup_stm32h723xx.o(.text)
    DMA2_Stream0_IRQHandler                  0x080002fb   Thumb Code     0  startup_stm32h723xx.o(.text)
    DMA2_Stream1_IRQHandler                  0x080002fb   Thumb Code     0  startup_stm32h723xx.o(.text)
    DMA2_Stream2_IRQHandler                  0x080002fb   Thumb Code     0  startup_stm32h723xx.o(.text)
    DMA2_Stream3_IRQHandler                  0x080002fb   Thumb Code     0  startup_stm32h723xx.o(.text)
    DMA2_Stream4_IRQHandler                  0x080002fb   Thumb Code     0  startup_stm32h723xx.o(.text)
    DMA2_Stream5_IRQHandler                  0x080002fb   Thumb Code     0  startup_stm32h723xx.o(.text)
    DMA2_Stream6_IRQHandler                  0x080002fb   Thumb Code     0  startup_stm32h723xx.o(.text)
    DMA2_Stream7_IRQHandler                  0x080002fb   Thumb Code     0  startup_stm32h723xx.o(.text)
    DMAMUX1_OVR_IRQHandler                   0x080002fb   Thumb Code     0  startup_stm32h723xx.o(.text)
    DMAMUX2_OVR_IRQHandler                   0x080002fb   Thumb Code     0  startup_stm32h723xx.o(.text)
    DTS_IRQHandler                           0x080002fb   Thumb Code     0  startup_stm32h723xx.o(.text)
    ECC_IRQHandler                           0x080002fb   Thumb Code     0  startup_stm32h723xx.o(.text)
    ETH_IRQHandler                           0x080002fb   Thumb Code     0  startup_stm32h723xx.o(.text)
    ETH_WKUP_IRQHandler                      0x080002fb   Thumb Code     0  startup_stm32h723xx.o(.text)
    EXTI0_IRQHandler                         0x080002fb   Thumb Code     0  startup_stm32h723xx.o(.text)
    EXTI15_10_IRQHandler                     0x080002fb   Thumb Code     0  startup_stm32h723xx.o(.text)
    EXTI1_IRQHandler                         0x080002fb   Thumb Code     0  startup_stm32h723xx.o(.text)
    EXTI2_IRQHandler                         0x080002fb   Thumb Code     0  startup_stm32h723xx.o(.text)
    EXTI3_IRQHandler                         0x080002fb   Thumb Code     0  startup_stm32h723xx.o(.text)
    EXTI4_IRQHandler                         0x080002fb   Thumb Code     0  startup_stm32h723xx.o(.text)
    EXTI9_5_IRQHandler                       0x080002fb   Thumb Code     0  startup_stm32h723xx.o(.text)
    FDCAN1_IT0_IRQHandler                    0x080002fb   Thumb Code     0  startup_stm32h723xx.o(.text)
    FDCAN1_IT1_IRQHandler                    0x080002fb   Thumb Code     0  startup_stm32h723xx.o(.text)
    FDCAN2_IT0_IRQHandler                    0x080002fb   Thumb Code     0  startup_stm32h723xx.o(.text)
    FDCAN2_IT1_IRQHandler                    0x080002fb   Thumb Code     0  startup_stm32h723xx.o(.text)
    FDCAN3_IT0_IRQHandler                    0x080002fb   Thumb Code     0  startup_stm32h723xx.o(.text)
    FDCAN3_IT1_IRQHandler                    0x080002fb   Thumb Code     0  startup_stm32h723xx.o(.text)
    FDCAN_CAL_IRQHandler                     0x080002fb   Thumb Code     0  startup_stm32h723xx.o(.text)
    FLASH_IRQHandler                         0x080002fb   Thumb Code     0  startup_stm32h723xx.o(.text)
    FMAC_IRQHandler                          0x080002fb   Thumb Code     0  startup_stm32h723xx.o(.text)
    FMC_IRQHandler                           0x080002fb   Thumb Code     0  startup_stm32h723xx.o(.text)
    FPU_IRQHandler                           0x080002fb   Thumb Code     0  startup_stm32h723xx.o(.text)
    HSEM1_IRQHandler                         0x080002fb   Thumb Code     0  startup_stm32h723xx.o(.text)
    I2C1_ER_IRQHandler                       0x080002fb   Thumb Code     0  startup_stm32h723xx.o(.text)
    I2C1_EV_IRQHandler                       0x080002fb   Thumb Code     0  startup_stm32h723xx.o(.text)
    I2C2_ER_IRQHandler                       0x080002fb   Thumb Code     0  startup_stm32h723xx.o(.text)
    I2C2_EV_IRQHandler                       0x080002fb   Thumb Code     0  startup_stm32h723xx.o(.text)
    I2C3_ER_IRQHandler                       0x080002fb   Thumb Code     0  startup_stm32h723xx.o(.text)
    I2C3_EV_IRQHandler                       0x080002fb   Thumb Code     0  startup_stm32h723xx.o(.text)
    I2C4_ER_IRQHandler                       0x080002fb   Thumb Code     0  startup_stm32h723xx.o(.text)
    I2C4_EV_IRQHandler                       0x080002fb   Thumb Code     0  startup_stm32h723xx.o(.text)
    I2C5_ER_IRQHandler                       0x080002fb   Thumb Code     0  startup_stm32h723xx.o(.text)
    I2C5_EV_IRQHandler                       0x080002fb   Thumb Code     0  startup_stm32h723xx.o(.text)
    LPTIM1_IRQHandler                        0x080002fb   Thumb Code     0  startup_stm32h723xx.o(.text)
    LPTIM2_IRQHandler                        0x080002fb   Thumb Code     0  startup_stm32h723xx.o(.text)
    LPTIM3_IRQHandler                        0x080002fb   Thumb Code     0  startup_stm32h723xx.o(.text)
    LPTIM4_IRQHandler                        0x080002fb   Thumb Code     0  startup_stm32h723xx.o(.text)
    LPTIM5_IRQHandler                        0x080002fb   Thumb Code     0  startup_stm32h723xx.o(.text)
    LPUART1_IRQHandler                       0x080002fb   Thumb Code     0  startup_stm32h723xx.o(.text)
    LTDC_ER_IRQHandler                       0x080002fb   Thumb Code     0  startup_stm32h723xx.o(.text)
    LTDC_IRQHandler                          0x080002fb   Thumb Code     0  startup_stm32h723xx.o(.text)
    MDIOS_IRQHandler                         0x080002fb   Thumb Code     0  startup_stm32h723xx.o(.text)
    MDIOS_WKUP_IRQHandler                    0x080002fb   Thumb Code     0  startup_stm32h723xx.o(.text)
    MDMA_IRQHandler                          0x080002fb   Thumb Code     0  startup_stm32h723xx.o(.text)
    OCTOSPI1_IRQHandler                      0x080002fb   Thumb Code     0  startup_stm32h723xx.o(.text)
    OCTOSPI2_IRQHandler                      0x080002fb   Thumb Code     0  startup_stm32h723xx.o(.text)
    OTG_HS_EP1_IN_IRQHandler                 0x080002fb   Thumb Code     0  startup_stm32h723xx.o(.text)
    OTG_HS_EP1_OUT_IRQHandler                0x080002fb   Thumb Code     0  startup_stm32h723xx.o(.text)
    OTG_HS_IRQHandler                        0x080002fb   Thumb Code     0  startup_stm32h723xx.o(.text)
    OTG_HS_WKUP_IRQHandler                   0x080002fb   Thumb Code     0  startup_stm32h723xx.o(.text)
    PVD_AVD_IRQHandler                       0x080002fb   Thumb Code     0  startup_stm32h723xx.o(.text)
    RCC_IRQHandler                           0x080002fb   Thumb Code     0  startup_stm32h723xx.o(.text)
    RNG_IRQHandler                           0x080002fb   Thumb Code     0  startup_stm32h723xx.o(.text)
    RTC_Alarm_IRQHandler                     0x080002fb   Thumb Code     0  startup_stm32h723xx.o(.text)
    RTC_WKUP_IRQHandler                      0x080002fb   Thumb Code     0  startup_stm32h723xx.o(.text)
    SAI1_IRQHandler                          0x080002fb   Thumb Code     0  startup_stm32h723xx.o(.text)
    SAI4_IRQHandler                          0x080002fb   Thumb Code     0  startup_stm32h723xx.o(.text)
    SDMMC1_IRQHandler                        0x080002fb   Thumb Code     0  startup_stm32h723xx.o(.text)
    SDMMC2_IRQHandler                        0x080002fb   Thumb Code     0  startup_stm32h723xx.o(.text)
    SPDIF_RX_IRQHandler                      0x080002fb   Thumb Code     0  startup_stm32h723xx.o(.text)
    SPI1_IRQHandler                          0x080002fb   Thumb Code     0  startup_stm32h723xx.o(.text)
    SPI2_IRQHandler                          0x080002fb   Thumb Code     0  startup_stm32h723xx.o(.text)
    SPI3_IRQHandler                          0x080002fb   Thumb Code     0  startup_stm32h723xx.o(.text)
    SPI4_IRQHandler                          0x080002fb   Thumb Code     0  startup_stm32h723xx.o(.text)
    SPI5_IRQHandler                          0x080002fb   Thumb Code     0  startup_stm32h723xx.o(.text)
    SPI6_IRQHandler                          0x080002fb   Thumb Code     0  startup_stm32h723xx.o(.text)
    SWPMI1_IRQHandler                        0x080002fb   Thumb Code     0  startup_stm32h723xx.o(.text)
    TAMP_STAMP_IRQHandler                    0x080002fb   Thumb Code     0  startup_stm32h723xx.o(.text)
    TIM15_IRQHandler                         0x080002fb   Thumb Code     0  startup_stm32h723xx.o(.text)
    TIM16_IRQHandler                         0x080002fb   Thumb Code     0  startup_stm32h723xx.o(.text)
    TIM17_IRQHandler                         0x080002fb   Thumb Code     0  startup_stm32h723xx.o(.text)
    TIM1_BRK_IRQHandler                      0x080002fb   Thumb Code     0  startup_stm32h723xx.o(.text)
    TIM1_CC_IRQHandler                       0x080002fb   Thumb Code     0  startup_stm32h723xx.o(.text)
    TIM1_TRG_COM_IRQHandler                  0x080002fb   Thumb Code     0  startup_stm32h723xx.o(.text)
    TIM1_UP_IRQHandler                       0x080002fb   Thumb Code     0  startup_stm32h723xx.o(.text)
    TIM23_IRQHandler                         0x080002fb   Thumb Code     0  startup_stm32h723xx.o(.text)
    TIM24_IRQHandler                         0x080002fb   Thumb Code     0  startup_stm32h723xx.o(.text)
    TIM2_IRQHandler                          0x080002fb   Thumb Code     0  startup_stm32h723xx.o(.text)
    TIM3_IRQHandler                          0x080002fb   Thumb Code     0  startup_stm32h723xx.o(.text)
    TIM4_IRQHandler                          0x080002fb   Thumb Code     0  startup_stm32h723xx.o(.text)
    TIM5_IRQHandler                          0x080002fb   Thumb Code     0  startup_stm32h723xx.o(.text)
    TIM6_DAC_IRQHandler                      0x080002fb   Thumb Code     0  startup_stm32h723xx.o(.text)
    TIM7_IRQHandler                          0x080002fb   Thumb Code     0  startup_stm32h723xx.o(.text)
    TIM8_BRK_TIM12_IRQHandler                0x080002fb   Thumb Code     0  startup_stm32h723xx.o(.text)
    TIM8_CC_IRQHandler                       0x080002fb   Thumb Code     0  startup_stm32h723xx.o(.text)
    TIM8_TRG_COM_TIM14_IRQHandler            0x080002fb   Thumb Code     0  startup_stm32h723xx.o(.text)
    TIM8_UP_TIM13_IRQHandler                 0x080002fb   Thumb Code     0  startup_stm32h723xx.o(.text)
    UART4_IRQHandler                         0x080002fb   Thumb Code     0  startup_stm32h723xx.o(.text)
    UART5_IRQHandler                         0x080002fb   Thumb Code     0  startup_stm32h723xx.o(.text)
    UART7_IRQHandler                         0x080002fb   Thumb Code     0  startup_stm32h723xx.o(.text)
    UART8_IRQHandler                         0x080002fb   Thumb Code     0  startup_stm32h723xx.o(.text)
    UART9_IRQHandler                         0x080002fb   Thumb Code     0  startup_stm32h723xx.o(.text)
    USART10_IRQHandler                       0x080002fb   Thumb Code     0  startup_stm32h723xx.o(.text)
    USART1_IRQHandler                        0x080002fb   Thumb Code     0  startup_stm32h723xx.o(.text)
    USART2_IRQHandler                        0x080002fb   Thumb Code     0  startup_stm32h723xx.o(.text)
    USART3_IRQHandler                        0x080002fb   Thumb Code     0  startup_stm32h723xx.o(.text)
    USART6_IRQHandler                        0x080002fb   Thumb Code     0  startup_stm32h723xx.o(.text)
    WAKEUP_PIN_IRQHandler                    0x080002fb   Thumb Code     0  startup_stm32h723xx.o(.text)
    WWDG_IRQHandler                          0x080002fb   Thumb Code     0  startup_stm32h723xx.o(.text)
    __aeabi_uldivmod                         0x08000305   Thumb Code    98  uldiv.o(.text)
    __aeabi_memset                           0x08000367   Thumb Code    14  memseta.o(.text)
    __aeabi_memset4                          0x08000367   Thumb Code     0  memseta.o(.text)
    __aeabi_memset8                          0x08000367   Thumb Code     0  memseta.o(.text)
    __aeabi_memclr                           0x08000375   Thumb Code     4  memseta.o(.text)
    __aeabi_memclr4                          0x08000375   Thumb Code     0  memseta.o(.text)
    __aeabi_memclr8                          0x08000375   Thumb Code     0  memseta.o(.text)
    _memset$wrapper                          0x08000379   Thumb Code    18  memseta.o(.text)
    strncpy                                  0x0800038b   Thumb Code    24  strncpy.o(.text)
    strncmp                                  0x080003a3   Thumb Code    30  strncmp.o(.text)
    __aeabi_uidiv                            0x080003c1   Thumb Code     0  uidiv.o(.text)
    __aeabi_uidivmod                         0x080003c1   Thumb Code    44  uidiv.o(.text)
    __aeabi_llsl                             0x080003ed   Thumb Code    30  llshl.o(.text)
    _ll_shift_l                              0x080003ed   Thumb Code     0  llshl.o(.text)
    __aeabi_llsr                             0x0800040b   Thumb Code    32  llushr.o(.text)
    _ll_ushift_r                             0x0800040b   Thumb Code     0  llushr.o(.text)
    __I$use$fp                               0x0800042b   Thumb Code     0  iusefp.o(.text)
    __aeabi_dadd                             0x0800042b   Thumb Code   322  dadd.o(.text)
    __aeabi_dsub                             0x0800056d   Thumb Code     6  dadd.o(.text)
    __aeabi_drsub                            0x08000573   Thumb Code     6  dadd.o(.text)
    __aeabi_dmul                             0x08000579   Thumb Code   228  dmul.o(.text)
    __aeabi_ddiv                             0x0800065d   Thumb Code   222  ddiv.o(.text)
    __aeabi_d2ulz                            0x0800073b   Thumb Code    48  dfixul.o(.text)
    __aeabi_cdrcmple                         0x0800076d   Thumb Code    48  cdrcmple.o(.text)
    __scatterload                            0x0800079d   Thumb Code    38  init.o(.text)
    __scatterload_rt2                        0x0800079d   Thumb Code     0  init.o(.text)
    __aeabi_lasr                             0x080007cd   Thumb Code    36  llsshr.o(.text)
    _ll_sshift_r                             0x080007cd   Thumb Code     0  llsshr.o(.text)
    _double_round                            0x080007f1   Thumb Code    30  depilogue.o(.text)
    _double_epilogue                         0x0800080f   Thumb Code   156  depilogue.o(.text)
    BusFault_Handler                         0x080008b1   Thumb Code     2  stm32h7xx_it.o(.text.BusFault_Handler)
    DebugMon_Handler                         0x080008b9   Thumb Code     2  stm32h7xx_it.o(.text.DebugMon_Handler)
    Delay_Init                               0x080008c1   Thumb Code    12  delay.o(.text.Delay_Init)
    Delay_us                                 0x080008d1   Thumb Code    82  delay.o(.text.Delay_us)
    Error_Handler                            0x08000929   Thumb Code    10  main.o(.text.Error_Handler)
    FMC_NORSRAM_Extended_Timing_Init         0x08000939   Thumb Code    76  stm32h7xx_ll_fmc.o(.text.FMC_NORSRAM_Extended_Timing_Init)
    FMC_NORSRAM_Init                         0x08000989   Thumb Code   142  stm32h7xx_ll_fmc.o(.text.FMC_NORSRAM_Init)
    FMC_NORSRAM_Timing_Init                  0x08000a19   Thumb Code    96  stm32h7xx_ll_fmc.o(.text.FMC_NORSRAM_Timing_Init)
    FMC_SelfTest_Display                     0x08000a79   Thumb Code  3272  fmc_fpga.o(.text.FMC_SelfTest_Display)
    HAL_Delay                                0x08001811   Thumb Code    40  stm32h7xx_hal.o(.text.HAL_Delay)
    HAL_GPIO_Init                            0x08001839   Thumb Code   422  stm32h7xx_hal_gpio.o(.text.HAL_GPIO_Init)
    HAL_GPIO_ReadPin                         0x080019e1   Thumb Code    10  stm32h7xx_hal_gpio.o(.text.HAL_GPIO_ReadPin)
    HAL_GPIO_WritePin                        0x080019f1   Thumb Code    10  stm32h7xx_hal_gpio.o(.text.HAL_GPIO_WritePin)
    HAL_GetTick                              0x08001a01   Thumb Code    12  stm32h7xx_hal.o(.text.HAL_GetTick)
    HAL_IncTick                              0x08001a11   Thumb Code    26  stm32h7xx_hal.o(.text.HAL_IncTick)
    HAL_Init                                 0x08001a31   Thumb Code   100  stm32h7xx_hal.o(.text.HAL_Init)
    HAL_InitTick                             0x08001a99   Thumb Code    80  stm32h7xx_hal.o(.text.HAL_InitTick)
    HAL_MPU_ConfigRegion                     0x08001ae9   Thumb Code    94  stm32h7xx_hal_cortex.o(.text.HAL_MPU_ConfigRegion)
    HAL_MPU_Disable                          0x08001b49   Thumb Code    26  stm32h7xx_hal_cortex.o(.text.HAL_MPU_Disable)
    HAL_MPU_Enable                           0x08001b69   Thumb Code    32  stm32h7xx_hal_cortex.o(.text.HAL_MPU_Enable)
    HAL_MspInit                              0x08001b89   Thumb Code    32  stm32h7xx_hal_msp.o(.text.HAL_MspInit)
    HAL_NVIC_SetPriority                     0x08001ba9   Thumb Code    90  stm32h7xx_hal_cortex.o(.text.HAL_NVIC_SetPriority)
    HAL_NVIC_SetPriorityGrouping             0x08001c09   Thumb Code    32  stm32h7xx_hal_cortex.o(.text.HAL_NVIC_SetPriorityGrouping)
    HAL_PWREx_ConfigSupply                   0x08001c29   Thumb Code    76  stm32h7xx_hal_pwr_ex.o(.text.HAL_PWREx_ConfigSupply)
    HAL_RCCEx_GetD3PCLK1Freq                 0x08001c79   Thumb Code    38  stm32h7xx_hal_rcc_ex.o(.text.HAL_RCCEx_GetD3PCLK1Freq)
    HAL_RCCEx_GetPLL2ClockFreq               0x08001ca1   Thumb Code   280  stm32h7xx_hal_rcc_ex.o(.text.HAL_RCCEx_GetPLL2ClockFreq)
    HAL_RCCEx_GetPLL3ClockFreq               0x08001dc9   Thumb Code   280  stm32h7xx_hal_rcc_ex.o(.text.HAL_RCCEx_GetPLL3ClockFreq)
    HAL_RCCEx_PeriphCLKConfig                0x08001ef1   Thumb Code  2688  stm32h7xx_hal_rcc_ex.o(.text.HAL_RCCEx_PeriphCLKConfig)
    HAL_RCC_ClockConfig                      0x08002971   Thumb Code   596  stm32h7xx_hal_rcc.o(.text.HAL_RCC_ClockConfig)
    HAL_RCC_GetHCLKFreq                      0x08002bc9   Thumb Code    76  stm32h7xx_hal_rcc.o(.text.HAL_RCC_GetHCLKFreq)
    HAL_RCC_GetPCLK1Freq                     0x08002c19   Thumb Code    96  stm32h7xx_hal_rcc.o(.text.HAL_RCC_GetPCLK1Freq)
    HAL_RCC_GetPCLK2Freq                     0x08002c79   Thumb Code    96  stm32h7xx_hal_rcc.o(.text.HAL_RCC_GetPCLK2Freq)
    HAL_RCC_GetSysClockFreq                  0x08002cd9   Thumb Code   264  stm32h7xx_hal_rcc.o(.text.HAL_RCC_GetSysClockFreq)
    HAL_RCC_OscConfig                        0x08002df9   Thumb Code  1324  stm32h7xx_hal_rcc.o(.text.HAL_RCC_OscConfig)
    HAL_SRAM_Init                            0x08003329   Thumb Code   108  stm32h7xx_hal_sram.o(.text.HAL_SRAM_Init)
    HAL_SRAM_MspInit                         0x08003399   Thumb Code   220  fmc.o(.text.HAL_SRAM_MspInit)
    HAL_SYSTICK_Config                       0x08003479   Thumb Code    46  stm32h7xx_hal_cortex.o(.text.HAL_SYSTICK_Config)
    HAL_UARTEx_DisableFifoMode               0x080034a9   Thumb Code    54  stm32h7xx_hal_uart_ex.o(.text.HAL_UARTEx_DisableFifoMode)
    HAL_UARTEx_SetRxFifoThreshold            0x080034e1   Thumb Code   140  stm32h7xx_hal_uart_ex.o(.text.HAL_UARTEx_SetRxFifoThreshold)
    HAL_UARTEx_SetTxFifoThreshold            0x08003571   Thumb Code   140  stm32h7xx_hal_uart_ex.o(.text.HAL_UARTEx_SetTxFifoThreshold)
    HAL_UART_Init                            0x08003601   Thumb Code   100  stm32h7xx_hal_uart.o(.text.HAL_UART_Init)
    HAL_UART_MspInit                         0x08003669   Thumb Code   146  usart.o(.text.HAL_UART_MspInit)
    HAL_UART_Transmit                        0x08003701   Thumb Code   426  stm32h7xx_hal_uart.o(.text.HAL_UART_Transmit)
    HardFault_Handler                        0x080038b1   Thumb Code     2  stm32h7xx_it.o(.text.HardFault_Handler)
    LCD_Clear                                0x080038b9   Thumb Code    90  lcd.o(.text.LCD_Clear)
    LCD_Draw_Line                            0x08003919   Thumb Code   176  lcd.o(.text.LCD_Draw_Line)
    LCD_Draw_Rectangle                       0x080039c9   Thumb Code   322  lcd.o(.text.LCD_Draw_Rectangle)
    LCD_Fill                                 0x08003b11   Thumb Code   156  lcd.o(.text.LCD_Fill)
    LCD_IC_nt35510_reginit                   0x08003bb1   Thumb Code  3952  lcd_ic_init.o(.text.LCD_IC_nt35510_reginit)
    LCD_Init                                 0x08004b21   Thumb Code   556  lcd_init.o(.text.LCD_Init)
    LCD_Scan_Dir                             0x08004d59   Thumb Code   480  lcd_init.o(.text.LCD_Scan_Dir)
    LCD_Set_Cursor                           0x08004f49   Thumb Code   204  lcd_init.o(.text.LCD_Set_Cursor)
    LCD_Show_Char                            0x08005019   Thumb Code  2180  lcd.o(.text.LCD_Show_Char)
    LCD_Show_String                          0x080058a1   Thumb Code   116  lcd.o(.text.LCD_Show_String)
    LCD_WR_REG                               0x08005919   Thumb Code    32  lcd_init.o(.text.LCD_WR_REG)
    LCD_WriteReg                             0x08005939   Thumb Code    14  lcd_init.o(.text.LCD_WriteReg)
    LCD_Write_RAM_Prepare                    0x08005949   Thumb Code    22  lcd_init.o(.text.LCD_Write_RAM_Prepare)
    MX_FMC_Init                              0x08005961   Thumb Code   236  fmc.o(.text.MX_FMC_Init)
    MX_GPIO_Init                             0x08005a51   Thumb Code   292  gpio.o(.text.MX_GPIO_Init)
    MX_USART1_UART_Init                      0x08005b79   Thumb Code   124  usart.o(.text.MX_USART1_UART_Init)
    MemManage_Handler                        0x08005bf9   Thumb Code     2  stm32h7xx_it.o(.text.MemManage_Handler)
    NMI_Handler                              0x08005c01   Thumb Code     2  stm32h7xx_it.o(.text.NMI_Handler)
    PendSV_Handler                           0x08005c09   Thumb Code     2  stm32h7xx_it.o(.text.PendSV_Handler)
    SVC_Handler                              0x08005e61   Thumb Code     2  stm32h7xx_it.o(.text.SVC_Handler)
    SysTick_Handler                          0x08005e69   Thumb Code     4  stm32h7xx_it.o(.text.SysTick_Handler)
    SystemClock_Config                       0x08005e71   Thumb Code   200  main.o(.text.SystemClock_Config)
    SystemInit                               0x08005f39   Thumb Code   176  system_stm32h7xx.o(.text.SystemInit)
    UART_AdvFeatureConfig                    0x08005fe9   Thumb Code   224  stm32h7xx_hal_uart.o(.text.UART_AdvFeatureConfig)
    UART_CheckIdleState                      0x080060c9   Thumb Code   366  stm32h7xx_hal_uart.o(.text.UART_CheckIdleState)
    UART_SetConfig                           0x08006239   Thumb Code  1176  stm32h7xx_hal_uart.o(.text.UART_SetConfig)
    UART_WaitOnFlagUntilTimeout              0x080066d9   Thumb Code   856  stm32h7xx_hal_uart.o(.text.UART_WaitOnFlagUntilTimeout)
    UsageFault_Handler                       0x08006db9   Thumb Code     2  stm32h7xx_it.o(.text.UsageFault_Handler)
    arm_fir_init_f32                         0x08006dc1   Thumb Code    36  filteringfunctions.o(.text.arm_fir_init_f32)
    arm_rfft_fast_init_f32                   0x08006de9   Thumb Code   376  transformfunctions.o(.text.arm_rfft_fast_init_f32)
    ct_iic_init                              0x08006f61   Thumb Code   174  ctiic.o(.text.ct_iic_init)
    ct_iic_read_byte                         0x08007011   Thumb Code   630  ctiic.o(.text.ct_iic_read_byte)
    ct_iic_send_byte                         0x08007289   Thumb Code   430  ctiic.o(.text.ct_iic_send_byte)
    ct_iic_start                             0x08007439   Thumb Code    84  ctiic.o(.text.ct_iic_start)
    ct_iic_stop                              0x08007491   Thumb Code    70  ctiic.o(.text.ct_iic_stop)
    ct_iic_wait_ack                          0x080074d9   Thumb Code   174  ctiic.o(.text.ct_iic_wait_ack)
    fputc                                    0x08007589   Thumb Code    32  usart.o(.text.fputc)
    gt9xxx_init                              0x080075a9   Thumb Code   252  gt9xxx.o(.text.gt9xxx_init)
    gt9xxx_rd_reg                            0x080076b1   Thumb Code    92  gt9xxx.o(.text.gt9xxx_rd_reg)
    gt9xxx_scan                              0x08007711   Thumb Code   464  gt9xxx.o(.text.gt9xxx_scan)
    gt9xxx_wr_reg                            0x080078e1   Thumb Code   108  gt9xxx.o(.text.gt9xxx_wr_reg)
    main                                     0x08007951   Thumb Code   474  main.o(.text.main)
    my_fft_init                              0x08007b31   Thumb Code    60  my_fft.o(.text.my_fft_init)
    tp_init                                  0x08007b71   Thumb Code    58  touch.o(.text.tp_init)
    tp_scan                                  0x08008269   Thumb Code   238  touch.o(.text.tp_scan)
    __0printf                                0x08008359   Thumb Code    22  printfa.o(i.__0printf)
    __1printf                                0x08008359   Thumb Code     0  printfa.o(i.__0printf)
    __2printf                                0x08008359   Thumb Code     0  printfa.o(i.__0printf)
    __c89printf                              0x08008359   Thumb Code     0  printfa.o(i.__0printf)
    printf                                   0x08008359   Thumb Code     0  printfa.o(i.__0printf)
    __0sprintf                               0x08008379   Thumb Code    34  printfa.o(i.__0sprintf)
    __1sprintf                               0x08008379   Thumb Code     0  printfa.o(i.__0sprintf)
    __2sprintf                               0x08008379   Thumb Code     0  printfa.o(i.__0sprintf)
    __c89sprintf                             0x08008379   Thumb Code     0  printfa.o(i.__0sprintf)
    sprintf                                  0x08008379   Thumb Code     0  printfa.o(i.__0sprintf)
    __scatterload_copy                       0x080083a1   Thumb Code    14  handlers.o(i.__scatterload_copy)
    __scatterload_null                       0x080083af   Thumb Code     2  handlers.o(i.__scatterload_null)
    __scatterload_zeroinit                   0x080083b1   Thumb Code    14  handlers.o(i.__scatterload_zeroinit)
    D1CorePrescTable                         0x08008c96   Data          16  system_stm32h7xx.o(.rodata.D1CorePrescTable)
    GT9XXX_TPX_TBL                           0x08008ca6   Data          20  gt9xxx.o(.rodata.GT9XXX_TPX_TBL)
    LOW_5M_100                               0x08008cbc   Data         404  my_fft.o(.rodata.LOW_5M_100)
    UARTPrescTable                           0x08008e50   Data          24  stm32h7xx_hal_uart.o(.rodata.UARTPrescTable)
    armBitRevIndexTable1024                  0x08008e68   Data        3600  commontables.o(.rodata.armBitRevIndexTable1024)
    armBitRevIndexTable128                   0x08009c78   Data         416  commontables.o(.rodata.armBitRevIndexTable128)
    armBitRevIndexTable16                    0x08009e18   Data          40  commontables.o(.rodata.armBitRevIndexTable16)
    armBitRevIndexTable2048                  0x08009e40   Data        7616  commontables.o(.rodata.armBitRevIndexTable2048)
    armBitRevIndexTable256                   0x0800bc00   Data         880  commontables.o(.rodata.armBitRevIndexTable256)
    armBitRevIndexTable32                    0x0800bf70   Data          96  commontables.o(.rodata.armBitRevIndexTable32)
    armBitRevIndexTable512                   0x0800bfd0   Data         896  commontables.o(.rodata.armBitRevIndexTable512)
    armBitRevIndexTable64                    0x0800c350   Data         112  commontables.o(.rodata.armBitRevIndexTable64)
    arm_cfft_sR_f32_len1024                  0x0800c3c0   Data          16  commontables.o(.rodata.arm_cfft_sR_f32_len1024)
    arm_cfft_sR_f32_len128                   0x0800c3d0   Data          16  commontables.o(.rodata.arm_cfft_sR_f32_len128)
    arm_cfft_sR_f32_len16                    0x0800c3e0   Data          16  commontables.o(.rodata.arm_cfft_sR_f32_len16)
    arm_cfft_sR_f32_len2048                  0x0800c3f0   Data          16  commontables.o(.rodata.arm_cfft_sR_f32_len2048)
    arm_cfft_sR_f32_len256                   0x0800c400   Data          16  commontables.o(.rodata.arm_cfft_sR_f32_len256)
    arm_cfft_sR_f32_len32                    0x0800c410   Data          16  commontables.o(.rodata.arm_cfft_sR_f32_len32)
    arm_cfft_sR_f32_len512                   0x0800c420   Data          16  commontables.o(.rodata.arm_cfft_sR_f32_len512)
    arm_cfft_sR_f32_len64                    0x0800c430   Data          16  commontables.o(.rodata.arm_cfft_sR_f32_len64)
    asc2_1206                                0x0800c440   Data        1140  lcd.o(.rodata.asc2_1206)
    asc2_1608                                0x0800c8b4   Data        1520  lcd.o(.rodata.asc2_1608)
    asc2_2412                                0x0800cea4   Data        3420  lcd.o(.rodata.asc2_2412)
    asc2_3216                                0x0800dc00   Data        6080  lcd.o(.rodata.asc2_3216)
    twiddleCoef_1024                         0x0800f3e0   Data        8192  commontables.o(.rodata.twiddleCoef_1024)
    twiddleCoef_128                          0x080113e0   Data        1024  commontables.o(.rodata.twiddleCoef_128)
    twiddleCoef_16                           0x080117e0   Data         128  commontables.o(.rodata.twiddleCoef_16)
    twiddleCoef_2048                         0x08011860   Data       16384  commontables.o(.rodata.twiddleCoef_2048)
    twiddleCoef_256                          0x08015860   Data        2048  commontables.o(.rodata.twiddleCoef_256)
    twiddleCoef_32                           0x08016060   Data         256  commontables.o(.rodata.twiddleCoef_32)
    twiddleCoef_512                          0x08016160   Data        4096  commontables.o(.rodata.twiddleCoef_512)
    twiddleCoef_64                           0x08017160   Data         512  commontables.o(.rodata.twiddleCoef_64)
    twiddleCoef_rfft_1024                    0x08017360   Data        4096  commontables.o(.rodata.twiddleCoef_rfft_1024)
    twiddleCoef_rfft_128                     0x08018360   Data         512  commontables.o(.rodata.twiddleCoef_rfft_128)
    twiddleCoef_rfft_2048                    0x08018560   Data        8192  commontables.o(.rodata.twiddleCoef_rfft_2048)
    twiddleCoef_rfft_256                     0x0801a560   Data        1024  commontables.o(.rodata.twiddleCoef_rfft_256)
    twiddleCoef_rfft_32                      0x0801a960   Data         128  commontables.o(.rodata.twiddleCoef_rfft_32)
    twiddleCoef_rfft_4096                    0x0801a9e0   Data       16384  commontables.o(.rodata.twiddleCoef_rfft_4096)
    twiddleCoef_rfft_512                     0x0801e9e0   Data        2048  commontables.o(.rodata.twiddleCoef_rfft_512)
    twiddleCoef_rfft_64                      0x0801f1e0   Data         256  commontables.o(.rodata.twiddleCoef_rfft_64)
    Region$$Table$$Base                      0x0801f2e0   Number         0  anon$$obj.o(Region$$Table)
    Region$$Table$$Limit                     0x0801f300   Number         0  anon$$obj.o(Region$$Table)
    __stdout                                 0x24000000   Data           4  stdout.o(.data)
    uwTickFreq                               0x24000004   Data           1  stm32h7xx_hal.o(.data..L_MergedGlobals)
    uwTickPrio                               0x24000008   Data           4  stm32h7xx_hal.o(.data..L_MergedGlobals)
    SystemCoreClock                          0x2400000c   Data           4  system_stm32h7xx.o(.data..L_MergedGlobals)
    SystemD2Clock                            0x24000010   Data           4  system_stm32h7xx.o(.data..L_MergedGlobals)
    BACK_COLOR                               0x24000014   Data           4  lcd_init.o(.data.BACK_COLOR)
    g_gt_tnum                                0x24000018   Data           1  gt9xxx.o(.data.g_gt_tnum)
    tp_dev                                   0x2400001c   Data          72  touch.o(.data.tp_dev)
    addr1_data                               0x2400006c   Data           2  fmc_fpga.o(.bss..L_MergedGlobals)
    addr2_data                               0x2400006e   Data           2  fmc_fpga.o(.bss..L_MergedGlobals)
    addr3_data                               0x24000070   Data           2  fmc_fpga.o(.bss..L_MergedGlobals)
    ifftFlag                                 0x24000084   Data           1  my_fft.o(.bss..L_MergedGlobals)
    WaveA_Tri                                0x24000088   Data           4  my_fft.o(.bss..L_MergedGlobals)
    WaveB_Tri                                0x2400008c   Data           4  my_fft.o(.bss..L_MergedGlobals)
    WaveA_Tri_3                              0x24000090   Data           4  my_fft.o(.bss..L_MergedGlobals)
    WaveA_Tri_5                              0x24000094   Data           4  my_fft.o(.bss..L_MergedGlobals)
    WaveA_Tri_7                              0x24000098   Data           4  my_fft.o(.bss..L_MergedGlobals)
    F                                        0x2400009c   Data          12  my_fft.o(.bss..L_MergedGlobals)
    S                                        0x240000a8   Data          24  my_fft.o(.bss..L_MergedGlobals)
    lcddev                                   0x240000c0   Data          14  lcd_init.o(.bss..L_MergedGlobals)
    g_sram_handle                            0x240000d0   Data          76  lcd_init.o(.bss..L_MergedGlobals)
    fft_data                                 0x240002b4   Data        4096  main.o(.bss.fft_data)
    fmc_adc_data                             0x240012b4   Data        2048  main.o(.bss.fmc_adc_data)
    hsram1                                   0x24001abc   Data          76  fmc.o(.bss.hsram1)
    hsram2                                   0x24001b08   Data          76  fmc.o(.bss.hsram2)
    huart1                                   0x24001b54   Data         148  usart.o(.bss.huart1)
    uwTick                                   0x24001c54   Data           4  stm32h7xx_hal.o(.bss.uwTick)
    __initial_sp                             0x24002058   Data           0  startup_stm32h723xx.o(STACK)



==============================================================================

Memory Map of the image

  Image Entry point : 0x080002cd

  Load Region LR_IROM1 (Base: 0x08000000, Size: 0x0001f368, Max: 0x00100000, ABSOLUTE)

    Execution Region ER_IROM1 (Exec base: 0x08000000, Load base: 0x08000000, Size: 0x0001f300, Max: 0x00100000, ABSOLUTE)

    Exec Addr    Load Addr    Size         Type   Attr      Idx    E Section Name        Object

    0x08000000   0x08000000   0x000002cc   Data   RO            3    RESET               startup_stm32h723xx.o
    0x080002cc   0x080002cc   0x00000000   Code   RO         3499  * .ARM.Collect$$$$00000000  mc_w.l(entry.o)
    0x080002cc   0x080002cc   0x00000004   Code   RO         3826    .ARM.Collect$$$$00000001  mc_w.l(entry2.o)
    0x080002d0   0x080002d0   0x00000004   Code   RO         3829    .ARM.Collect$$$$00000004  mc_w.l(entry5.o)
    0x080002d4   0x080002d4   0x00000000   Code   RO         3831    .ARM.Collect$$$$00000008  mc_w.l(entry7b.o)
    0x080002d4   0x080002d4   0x00000000   Code   RO         3833    .ARM.Collect$$$$0000000A  mc_w.l(entry8b.o)
    0x080002d4   0x080002d4   0x00000008   Code   RO         3834    .ARM.Collect$$$$0000000B  mc_w.l(entry9a.o)
    0x080002dc   0x080002dc   0x00000000   Code   RO         3836    .ARM.Collect$$$$0000000D  mc_w.l(entry10a.o)
    0x080002dc   0x080002dc   0x00000000   Code   RO         3838    .ARM.Collect$$$$0000000F  mc_w.l(entry11a.o)
    0x080002dc   0x080002dc   0x00000004   Code   RO         3827    .ARM.Collect$$$$00002712  mc_w.l(entry2.o)
    0x080002e0   0x080002e0   0x00000024   Code   RO            4    .text               startup_stm32h723xx.o
    0x08000304   0x08000304   0x00000062   Code   RO         3502    .text               mc_w.l(uldiv.o)
    0x08000366   0x08000366   0x00000024   Code   RO         3508    .text               mc_w.l(memseta.o)
    0x0800038a   0x0800038a   0x00000018   Code   RO         3510    .text               mc_w.l(strncpy.o)
    0x080003a2   0x080003a2   0x0000001e   Code   RO         3512    .text               mc_w.l(strncmp.o)
    0x080003c0   0x080003c0   0x0000002c   Code   RO         3850    .text               mc_w.l(uidiv.o)
    0x080003ec   0x080003ec   0x0000001e   Code   RO         3852    .text               mc_w.l(llshl.o)
    0x0800040a   0x0800040a   0x00000020   Code   RO         3854    .text               mc_w.l(llushr.o)
    0x0800042a   0x0800042a   0x00000000   Code   RO         3863    .text               mc_w.l(iusefp.o)
    0x0800042a   0x0800042a   0x0000014e   Code   RO         3864    .text               mf_w.l(dadd.o)
    0x08000578   0x08000578   0x000000e4   Code   RO         3866    .text               mf_w.l(dmul.o)
    0x0800065c   0x0800065c   0x000000de   Code   RO         3868    .text               mf_w.l(ddiv.o)
    0x0800073a   0x0800073a   0x00000030   Code   RO         3870    .text               mf_w.l(dfixul.o)
    0x0800076a   0x0800076a   0x00000002   PAD
    0x0800076c   0x0800076c   0x00000030   Code   RO         3872    .text               mf_w.l(cdrcmple.o)
    0x0800079c   0x0800079c   0x00000030   Code   RO         3882    .text               mc_w.l(init.o)
    0x080007cc   0x080007cc   0x00000024   Code   RO         3884    .text               mc_w.l(llsshr.o)
    0x080007f0   0x080007f0   0x000000ba   Code   RO         3886    .text               mf_w.l(depilogue.o)
    0x080008aa   0x080008aa   0x00000006   PAD
    0x080008b0   0x080008b0   0x00000002   Code   RO           85    .text.BusFault_Handler  stm32h7xx_it.o
    0x080008b2   0x080008b2   0x00000006   PAD
    0x080008b8   0x080008b8   0x00000002   Code   RO           91    .text.DebugMon_Handler  stm32h7xx_it.o
    0x080008ba   0x080008ba   0x00000006   PAD
    0x080008c0   0x080008c0   0x0000000c   Code   RO         1233    .text.Delay_Init    delay.o
    0x080008cc   0x080008cc   0x00000004   PAD
    0x080008d0   0x080008d0   0x00000052   Code   RO         1235    .text.Delay_us      delay.o
    0x08000922   0x08000922   0x00000006   PAD
    0x08000928   0x08000928   0x0000000a   Code   RO           17    .text.Error_Handler  main.o
    0x08000932   0x08000932   0x00000006   PAD
    0x08000938   0x08000938   0x0000004c   Code   RO          937    .text.FMC_NORSRAM_Extended_Timing_Init  stm32h7xx_ll_fmc.o
    0x08000984   0x08000984   0x00000004   PAD
    0x08000988   0x08000988   0x0000008e   Code   RO          931    .text.FMC_NORSRAM_Init  stm32h7xx_ll_fmc.o
    0x08000a16   0x08000a16   0x00000002   PAD
    0x08000a18   0x08000a18   0x00000060   Code   RO          935    .text.FMC_NORSRAM_Timing_Init  stm32h7xx_ll_fmc.o
    0x08000a78   0x08000a78   0x00000d94   Code   RO         1256    .text.FMC_SelfTest_Display  fmc_fpga.o
    0x0800180c   0x0800180c   0x00000004   PAD
    0x08001810   0x08001810   0x00000028   Code   RO          633    .text.HAL_Delay     stm32h7xx_hal.o
    0x08001838   0x08001838   0x000001a6   Code   RO          325    .text.HAL_GPIO_Init  stm32h7xx_hal_gpio.o
    0x080019de   0x080019de   0x00000002   PAD
    0x080019e0   0x080019e0   0x0000000a   Code   RO          329    .text.HAL_GPIO_ReadPin  stm32h7xx_hal_gpio.o
    0x080019ea   0x080019ea   0x00000006   PAD
    0x080019f0   0x080019f0   0x0000000a   Code   RO          331    .text.HAL_GPIO_WritePin  stm32h7xx_hal_gpio.o
    0x080019fa   0x080019fa   0x00000006   PAD
    0x08001a00   0x08001a00   0x0000000c   Code   RO          625    .text.HAL_GetTick   stm32h7xx_hal.o
    0x08001a0c   0x08001a0c   0x00000004   PAD
    0x08001a10   0x08001a10   0x0000001a   Code   RO          623    .text.HAL_IncTick   stm32h7xx_hal.o
    0x08001a2a   0x08001a2a   0x00000006   PAD
    0x08001a30   0x08001a30   0x00000064   Code   RO          613    .text.HAL_Init      stm32h7xx_hal.o
    0x08001a94   0x08001a94   0x00000004   PAD
    0x08001a98   0x08001a98   0x00000050   Code   RO          615    .text.HAL_InitTick  stm32h7xx_hal.o
    0x08001ae8   0x08001ae8   0x0000005e   Code   RO          134    .text.HAL_MPU_ConfigRegion  stm32h7xx_hal_cortex.o
    0x08001b46   0x08001b46   0x00000002   PAD
    0x08001b48   0x08001b48   0x0000001a   Code   RO          126    .text.HAL_MPU_Disable  stm32h7xx_hal_cortex.o
    0x08001b62   0x08001b62   0x00000006   PAD
    0x08001b68   0x08001b68   0x00000020   Code   RO          128    .text.HAL_MPU_Enable  stm32h7xx_hal_cortex.o
    0x08001b88   0x08001b88   0x00000020   Code   RO          104    .text.HAL_MspInit   stm32h7xx_hal_msp.o
    0x08001ba8   0x08001ba8   0x0000005a   Code   RO          114    .text.HAL_NVIC_SetPriority  stm32h7xx_hal_cortex.o
    0x08001c02   0x08001c02   0x00000006   PAD
    0x08001c08   0x08001c08   0x00000020   Code   RO          112    .text.HAL_NVIC_SetPriorityGrouping  stm32h7xx_hal_cortex.o
    0x08001c28   0x08001c28   0x0000004c   Code   RO          529    .text.HAL_PWREx_ConfigSupply  stm32h7xx_hal_pwr_ex.o
    0x08001c74   0x08001c74   0x00000004   PAD
    0x08001c78   0x08001c78   0x00000026   Code   RO          216    .text.HAL_RCCEx_GetD3PCLK1Freq  stm32h7xx_hal_rcc_ex.o
    0x08001c9e   0x08001c9e   0x00000002   PAD
    0x08001ca0   0x08001ca0   0x00000128   Code   RO          212    .text.HAL_RCCEx_GetPLL2ClockFreq  stm32h7xx_hal_rcc_ex.o
    0x08001dc8   0x08001dc8   0x00000128   Code   RO          214    .text.HAL_RCCEx_GetPLL3ClockFreq  stm32h7xx_hal_rcc_ex.o
    0x08001ef0   0x08001ef0   0x00000a80   Code   RO          200    .text.HAL_RCCEx_PeriphCLKConfig  stm32h7xx_hal_rcc_ex.o
    0x08002970   0x08002970   0x00000254   Code   RO          168    .text.HAL_RCC_ClockConfig  stm32h7xx_hal_rcc.o
    0x08002bc4   0x08002bc4   0x00000004   PAD
    0x08002bc8   0x08002bc8   0x0000004c   Code   RO          178    .text.HAL_RCC_GetHCLKFreq  stm32h7xx_hal_rcc.o
    0x08002c14   0x08002c14   0x00000004   PAD
    0x08002c18   0x08002c18   0x00000060   Code   RO          180    .text.HAL_RCC_GetPCLK1Freq  stm32h7xx_hal_rcc.o
    0x08002c78   0x08002c78   0x00000060   Code   RO          182    .text.HAL_RCC_GetPCLK2Freq  stm32h7xx_hal_rcc.o
    0x08002cd8   0x08002cd8   0x0000011c   Code   RO          170    .text.HAL_RCC_GetSysClockFreq  stm32h7xx_hal_rcc.o
    0x08002df4   0x08002df4   0x00000004   PAD
    0x08002df8   0x08002df8   0x0000052c   Code   RO          166    .text.HAL_RCC_OscConfig  stm32h7xx_hal_rcc.o
    0x08003324   0x08003324   0x00000004   PAD
    0x08003328   0x08003328   0x0000006c   Code   RO          983    .text.HAL_SRAM_Init  stm32h7xx_hal_sram.o
    0x08003394   0x08003394   0x00000004   PAD
    0x08003398   0x08003398   0x000000dc   Code   RO           42    .text.HAL_SRAM_MspInit  fmc.o
    0x08003474   0x08003474   0x00000004   PAD
    0x08003478   0x08003478   0x0000002e   Code   RO          124    .text.HAL_SYSTICK_Config  stm32h7xx_hal_cortex.o
    0x080034a6   0x080034a6   0x00000002   PAD
    0x080034a8   0x080034a8   0x00000036   Code   RO         1196    .text.HAL_UARTEx_DisableFifoMode  stm32h7xx_hal_uart_ex.o
    0x080034de   0x080034de   0x00000002   PAD
    0x080034e0   0x080034e0   0x0000008c   Code   RO         1200    .text.HAL_UARTEx_SetRxFifoThreshold  stm32h7xx_hal_uart_ex.o
    0x0800356c   0x0800356c   0x00000004   PAD
    0x08003570   0x08003570   0x0000008c   Code   RO         1198    .text.HAL_UARTEx_SetTxFifoThreshold  stm32h7xx_hal_uart_ex.o
    0x080035fc   0x080035fc   0x00000004   PAD
    0x08003600   0x08003600   0x00000064   Code   RO         1033    .text.HAL_UART_Init  stm32h7xx_hal_uart.o
    0x08003664   0x08003664   0x00000004   PAD
    0x08003668   0x08003668   0x00000092   Code   RO           60    .text.HAL_UART_MspInit  usart.o
    0x080036fa   0x080036fa   0x00000006   PAD
    0x08003700   0x08003700   0x000001aa   Code   RO         1053    .text.HAL_UART_Transmit  stm32h7xx_hal_uart.o
    0x080038aa   0x080038aa   0x00000006   PAD
    0x080038b0   0x080038b0   0x00000002   Code   RO           81    .text.HardFault_Handler  stm32h7xx_it.o
    0x080038b2   0x080038b2   0x00000006   PAD
    0x080038b8   0x080038b8   0x0000005a   Code   RO         1351    .text.LCD_Clear     lcd.o
    0x08003912   0x08003912   0x00000006   PAD
    0x08003918   0x08003918   0x000000b0   Code   RO         1359    .text.LCD_Draw_Line  lcd.o
    0x080039c8   0x080039c8   0x00000142   Code   RO         1363    .text.LCD_Draw_Rectangle  lcd.o
    0x08003b0a   0x08003b0a   0x00000006   PAD
    0x08003b10   0x08003b10   0x0000009c   Code   RO         1355    .text.LCD_Fill      lcd.o
    0x08003bac   0x08003bac   0x00000004   PAD
    0x08003bb0   0x08003bb0   0x00000f70   Code   RO         1305    .text.LCD_IC_nt35510_reginit  lcd_ic_init.o
    0x08004b20   0x08004b20   0x00000238   Code   RO         1337    .text.LCD_Init      lcd_init.o
    0x08004d58   0x08004d58   0x000001f0   Code   RO         1329    .text.LCD_Scan_Dir  lcd_init.o
    0x08004f48   0x08004f48   0x000000cc   Code   RO         1321    .text.LCD_Set_Cursor  lcd_init.o
    0x08005014   0x08005014   0x00000004   PAD
    0x08005018   0x08005018   0x00000884   Code   RO         1369    .text.LCD_Show_Char  lcd.o
    0x0800589c   0x0800589c   0x00000004   PAD
    0x080058a0   0x080058a0   0x00000074   Code   RO         1375    .text.LCD_Show_String  lcd.o
    0x08005914   0x08005914   0x00000004   PAD
    0x08005918   0x08005918   0x00000020   Code   RO         1315    .text.LCD_WR_REG    lcd_init.o
    0x08005938   0x08005938   0x0000000e   Code   RO         1317    .text.LCD_WriteReg  lcd_init.o
    0x08005946   0x08005946   0x00000002   PAD
    0x08005948   0x08005948   0x00000016   Code   RO         1319    .text.LCD_Write_RAM_Prepare  lcd_init.o
    0x0800595e   0x0800595e   0x00000002   PAD
    0x08005960   0x08005960   0x000000ec   Code   RO           40    .text.MX_FMC_Init   fmc.o
    0x08005a4c   0x08005a4c   0x00000004   PAD
    0x08005a50   0x08005a50   0x00000124   Code   RO           31    .text.MX_GPIO_Init  gpio.o
    0x08005b74   0x08005b74   0x00000004   PAD
    0x08005b78   0x08005b78   0x0000007c   Code   RO           58    .text.MX_USART1_UART_Init  usart.o
    0x08005bf4   0x08005bf4   0x00000004   PAD
    0x08005bf8   0x08005bf8   0x00000002   Code   RO           83    .text.MemManage_Handler  stm32h7xx_it.o
    0x08005bfa   0x08005bfa   0x00000006   PAD
    0x08005c00   0x08005c00   0x00000002   Code   RO           79    .text.NMI_Handler   stm32h7xx_it.o
    0x08005c02   0x08005c02   0x00000006   PAD
    0x08005c08   0x08005c08   0x00000002   Code   RO           93    .text.PendSV_Handler  stm32h7xx_it.o
    0x08005c0a   0x08005c0a   0x00000006   PAD
    0x08005c10   0x08005c10   0x00000122   Code   RO          202    .text.RCCEx_PLL2_Config  stm32h7xx_hal_rcc_ex.o
    0x08005d32   0x08005d32   0x00000006   PAD
    0x08005d38   0x08005d38   0x00000122   Code   RO          204    .text.RCCEx_PLL3_Config  stm32h7xx_hal_rcc_ex.o
    0x08005e5a   0x08005e5a   0x00000006   PAD
    0x08005e60   0x08005e60   0x00000002   Code   RO           89    .text.SVC_Handler   stm32h7xx_it.o
    0x08005e62   0x08005e62   0x00000006   PAD
    0x08005e68   0x08005e68   0x00000004   Code   RO           95    .text.SysTick_Handler  stm32h7xx_it.o
    0x08005e6c   0x08005e6c   0x00000004   PAD
    0x08005e70   0x08005e70   0x000000c8   Code   RO           15    .text.SystemClock_Config  main.o
    0x08005f38   0x08005f38   0x000000b0   Code   RO         1219    .text.SystemInit    system_stm32h7xx.o
    0x08005fe8   0x08005fe8   0x000000e0   Code   RO         1037    .text.UART_AdvFeatureConfig  stm32h7xx_hal_uart.o
    0x080060c8   0x080060c8   0x0000016e   Code   RO         1041    .text.UART_CheckIdleState  stm32h7xx_hal_uart.o
    0x08006236   0x08006236   0x00000002   PAD
    0x08006238   0x08006238   0x000004a0   Code   RO         1039    .text.UART_SetConfig  stm32h7xx_hal_uart.o
    0x080066d8   0x080066d8   0x00000358   Code   RO         1055    .text.UART_WaitOnFlagUntilTimeout  stm32h7xx_hal_uart.o
    0x08006a30   0x08006a30   0x00000120   Code   RO         1258    .text.UI_DrawStaticRow  fmc_fpga.o
    0x08006b50   0x08006b50   0x00000264   Code   RO         1260    .text.UI_UpdateRowValue  fmc_fpga.o
    0x08006db4   0x08006db4   0x00000004   PAD
    0x08006db8   0x08006db8   0x00000002   Code   RO           87    .text.UsageFault_Handler  stm32h7xx_it.o
    0x08006dba   0x08006dba   0x00000006   PAD
    0x08006dc0   0x08006dc0   0x00000024   Code   RO         2209    .text.arm_fir_init_f32  filteringfunctions.o
    0x08006de4   0x08006de4   0x00000004   PAD
    0x08006de8   0x08006de8   0x00000178   Code   RO         3095    .text.arm_rfft_fast_init_f32  transformfunctions.o
    0x08006f60   0x08006f60   0x000000ae   Code   RO         1389    .text.ct_iic_init   ctiic.o
    0x0800700e   0x0800700e   0x00000002   PAD
    0x08007010   0x08007010   0x00000276   Code   RO         1403    .text.ct_iic_read_byte  ctiic.o
    0x08007286   0x08007286   0x00000002   PAD
    0x08007288   0x08007288   0x000001ae   Code   RO         1401    .text.ct_iic_send_byte  ctiic.o
    0x08007436   0x08007436   0x00000002   PAD
    0x08007438   0x08007438   0x00000054   Code   RO         1393    .text.ct_iic_start  ctiic.o
    0x0800748c   0x0800748c   0x00000004   PAD
    0x08007490   0x08007490   0x00000046   Code   RO         1391    .text.ct_iic_stop   ctiic.o
    0x080074d6   0x080074d6   0x00000002   PAD
    0x080074d8   0x080074d8   0x000000ae   Code   RO         1395    .text.ct_iic_wait_ack  ctiic.o
    0x08007586   0x08007586   0x00000002   PAD
    0x08007588   0x08007588   0x00000020   Code   RO           66    .text.fputc         usart.o
    0x080075a8   0x080075a8   0x00000108   Code   RO         1417    .text.gt9xxx_init   gt9xxx.o
    0x080076b0   0x080076b0   0x0000005c   Code   RO         1415    .text.gt9xxx_rd_reg  gt9xxx.o
    0x0800770c   0x0800770c   0x00000004   PAD
    0x08007710   0x08007710   0x000001d0   Code   RO         1419    .text.gt9xxx_scan   gt9xxx.o
    0x080078e0   0x080078e0   0x0000006c   Code   RO         1413    .text.gt9xxx_wr_reg  gt9xxx.o
    0x0800794c   0x0800794c   0x00000004   PAD
    0x08007950   0x08007950   0x000001da   Code   RO           13    .text.main          main.o
    0x08007b2a   0x08007b2a   0x00000006   PAD
    0x08007b30   0x08007b30   0x0000003c   Code   RO         1274    .text.my_fft_init   my_fft.o
    0x08007b6c   0x08007b6c   0x00000004   PAD
    0x08007b70   0x08007b70   0x0000003a   Code   RO         1432    .text.tp_init       touch.o
    0x08007baa   0x08007baa   0x00000006   PAD
    0x08007bb0   0x08007bb0   0x00000604   Code   RO         1438    .text.tp_read_xoy   touch.o
    0x080081b4   0x080081b4   0x00000004   PAD
    0x080081b8   0x080081b8   0x000000ae   Code   RO         1436    .text.tp_read_xy2   touch.o
    0x08008266   0x08008266   0x00000002   PAD
    0x08008268   0x08008268   0x000000ee   Code   RO         1434    .text.tp_scan       touch.o
    0x08008356   0x08008356   0x00000002   PAD
    0x08008358   0x08008358   0x00000020   Code   RO         3749    i.__0printf         mc_w.l(printfa.o)
    0x08008378   0x08008378   0x00000028   Code   RO         3751    i.__0sprintf        mc_w.l(printfa.o)
    0x080083a0   0x080083a0   0x0000000e   Code   RO         3890    i.__scatterload_copy  mc_w.l(handlers.o)
    0x080083ae   0x080083ae   0x00000002   Code   RO         3891    i.__scatterload_null  mc_w.l(handlers.o)
    0x080083b0   0x080083b0   0x0000000e   Code   RO         3892    i.__scatterload_zeroinit  mc_w.l(handlers.o)
    0x080083be   0x080083be   0x00000002   PAD
    0x080083c0   0x080083c0   0x00000184   Code   RO         3756    i._fp_digits        mc_w.l(printfa.o)
    0x08008544   0x08008544   0x000006dc   Code   RO         3757    i._printf_core      mc_w.l(printfa.o)
    0x08008c20   0x08008c20   0x00000024   Code   RO         3758    i._printf_post_padding  mc_w.l(printfa.o)
    0x08008c44   0x08008c44   0x0000002e   Code   RO         3759    i._printf_pre_padding  mc_w.l(printfa.o)
    0x08008c72   0x08008c72   0x0000000a   Code   RO         3761    i._sputc            mc_w.l(printfa.o)
    0x08008c7c   0x08008c7c   0x0000000e   Data   RO         1341    .rodata..Lswitch.table.LCD_Scan_Dir.1  lcd_init.o
    0x08008c8a   0x08008c8a   0x00000006   Data   RO         1168    .rodata..Lswitch.table.UART_SetConfig.7  stm32h7xx_hal_uart.o
    0x08008c90   0x08008c90   0x00000006   Data   RO         1169    .rodata..Lswitch.table.UART_SetConfig.9  stm32h7xx_hal_uart.o
    0x08008c96   0x08008c96   0x00000010   Data   RO         1223    .rodata.D1CorePrescTable  system_stm32h7xx.o
    0x08008ca6   0x08008ca6   0x00000014   Data   RO         1422    .rodata.GT9XXX_TPX_TBL  gt9xxx.o
    0x08008cba   0x08008cba   0x00000002   PAD
    0x08008cbc   0x08008cbc   0x00000194   Data   RO         1282    .rodata.LOW_5M_100  my_fft.o
    0x08008e50   0x08008e50   0x00000018   Data   RO         1167    .rodata.UARTPrescTable  stm32h7xx_hal_uart.o
    0x08008e68   0x08008e68   0x00000e10   Data   RO         1671    .rodata.armBitRevIndexTable1024  commontables.o
    0x08009c78   0x08009c78   0x000001a0   Data   RO         1668    .rodata.armBitRevIndexTable128  commontables.o
    0x08009e18   0x08009e18   0x00000028   Data   RO         1665    .rodata.armBitRevIndexTable16  commontables.o
    0x08009e40   0x08009e40   0x00001dc0   Data   RO         1672    .rodata.armBitRevIndexTable2048  commontables.o
    0x0800bc00   0x0800bc00   0x00000370   Data   RO         1669    .rodata.armBitRevIndexTable256  commontables.o
    0x0800bf70   0x0800bf70   0x00000060   Data   RO         1666    .rodata.armBitRevIndexTable32  commontables.o
    0x0800bfd0   0x0800bfd0   0x00000380   Data   RO         1670    .rodata.armBitRevIndexTable512  commontables.o
    0x0800c350   0x0800c350   0x00000070   Data   RO         1667    .rodata.armBitRevIndexTable64  commontables.o
    0x0800c3c0   0x0800c3c0   0x00000010   Data   RO         1751    .rodata.arm_cfft_sR_f32_len1024  commontables.o
    0x0800c3d0   0x0800c3d0   0x00000010   Data   RO         1748    .rodata.arm_cfft_sR_f32_len128  commontables.o
    0x0800c3e0   0x0800c3e0   0x00000010   Data   RO         1745    .rodata.arm_cfft_sR_f32_len16  commontables.o
    0x0800c3f0   0x0800c3f0   0x00000010   Data   RO         1752    .rodata.arm_cfft_sR_f32_len2048  commontables.o
    0x0800c400   0x0800c400   0x00000010   Data   RO         1749    .rodata.arm_cfft_sR_f32_len256  commontables.o
    0x0800c410   0x0800c410   0x00000010   Data   RO         1746    .rodata.arm_cfft_sR_f32_len32  commontables.o
    0x0800c420   0x0800c420   0x00000010   Data   RO         1750    .rodata.arm_cfft_sR_f32_len512  commontables.o
    0x0800c430   0x0800c430   0x00000010   Data   RO         1747    .rodata.arm_cfft_sR_f32_len64  commontables.o
    0x0800c440   0x0800c440   0x00000474   Data   RO         1377    .rodata.asc2_1206   lcd.o
    0x0800c8b4   0x0800c8b4   0x000005f0   Data   RO         1378    .rodata.asc2_1608   lcd.o
    0x0800cea4   0x0800cea4   0x00000d5c   Data   RO         1379    .rodata.asc2_2412   lcd.o
    0x0800dc00   0x0800dc00   0x000017c0   Data   RO         1380    .rodata.asc2_3216   lcd.o
    0x0800f3c0   0x0800f3c0   0x00000010   Data   RO         1210    .rodata.cst8        stm32h7xx_hal_uart_ex.o
    0x0800f3d0   0x0800f3d0   0x0000000d   Data   RO         1263    .rodata.str1.1      fmc_fpga.o
    0x0800f3dd   0x0800f3dd   0x00000003   PAD
    0x0800f3e0   0x0800f3e0   0x00002000   Data   RO         1635    .rodata.twiddleCoef_1024  commontables.o
    0x080113e0   0x080113e0   0x00000400   Data   RO         1632    .rodata.twiddleCoef_128  commontables.o
    0x080117e0   0x080117e0   0x00000080   Data   RO         1629    .rodata.twiddleCoef_16  commontables.o
    0x08011860   0x08011860   0x00004000   Data   RO         1636    .rodata.twiddleCoef_2048  commontables.o
    0x08015860   0x08015860   0x00000800   Data   RO         1633    .rodata.twiddleCoef_256  commontables.o
    0x08016060   0x08016060   0x00000100   Data   RO         1630    .rodata.twiddleCoef_32  commontables.o
    0x08016160   0x08016160   0x00001000   Data   RO         1634    .rodata.twiddleCoef_512  commontables.o
    0x08017160   0x08017160   0x00000200   Data   RO         1631    .rodata.twiddleCoef_64  commontables.o
    0x08017360   0x08017360   0x00001000   Data   RO         1696    .rodata.twiddleCoef_rfft_1024  commontables.o
    0x08018360   0x08018360   0x00000200   Data   RO         1693    .rodata.twiddleCoef_rfft_128  commontables.o
    0x08018560   0x08018560   0x00002000   Data   RO         1697    .rodata.twiddleCoef_rfft_2048  commontables.o
    0x0801a560   0x0801a560   0x00000400   Data   RO         1694    .rodata.twiddleCoef_rfft_256  commontables.o
    0x0801a960   0x0801a960   0x00000080   Data   RO         1691    .rodata.twiddleCoef_rfft_32  commontables.o
    0x0801a9e0   0x0801a9e0   0x00004000   Data   RO         1698    .rodata.twiddleCoef_rfft_4096  commontables.o
    0x0801e9e0   0x0801e9e0   0x00000800   Data   RO         1695    .rodata.twiddleCoef_rfft_512  commontables.o
    0x0801f1e0   0x0801f1e0   0x00000100   Data   RO         1692    .rodata.twiddleCoef_rfft_64  commontables.o
    0x0801f2e0   0x0801f2e0   0x00000020   Data   RO         3889    Region$$Table       anon$$obj.o


    Execution Region RW_IRAM1 (Exec base: 0x20000000, Load base: 0x0801f300, Size: 0x00000000, Max: 0x00020000, ABSOLUTE)

    **** No section assigned to this execution region ****


    Execution Region RW_IRAM2 (Exec base: 0x24000000, Load base: 0x0801f300, Size: 0x00002058, Max: 0x00050000, ABSOLUTE)

    Exec Addr    Load Addr    Size         Type   Attr      Idx    E Section Name        Object

    0x24000000   0x0801f300   0x00000004   Data   RW         3840    .data               mc_w.l(stdout.o)
    0x24000004   0x0801f304   0x00000008   Data   RW          722    .data..L_MergedGlobals  stm32h7xx_hal.o
    0x2400000c   0x0801f30c   0x00000008   Data   RW         1224    .data..L_MergedGlobals  system_stm32h7xx.o
    0x24000014   0x0801f314   0x00000004   Data   RW         1340    .data.BACK_COLOR    lcd_init.o
    0x24000018   0x0801f318   0x00000001   Data   RW         1421    .data.g_gt_tnum     gt9xxx.o
    0x24000019   0x0801f319   0x00000003   PAD
    0x2400001c   0x0801f31c   0x00000048   Data   RW         1440    .data.tp_dev        touch.o
    0x24000064   0x0801f364   0x00000004   PAD
    0x24000068        -       0x0000001c   Zero   RW         1265    .bss..L_MergedGlobals  fmc_fpga.o
    0x24000084        -       0x0000003c   Zero   RW         1290    .bss..L_MergedGlobals  my_fft.o
    0x240000c0        -       0x0000005c   Zero   RW         1342    .bss..L_MergedGlobals  lcd_init.o
    0x2400011c        -       0x00000001   Zero   RW           48    .bss.FMC_Initialized  fmc.o
    0x2400011d   0x0801f364   0x00000003   PAD
    0x24000120        -       0x00000194   Zero   RW         1283    .bss.LOW_5M_100_state  my_fft.o
    0x240002b4        -       0x00001000   Zero   RW           20    .bss.fft_data       main.o
    0x240012b4        -       0x00000800   Zero   RW           19    .bss.fmc_adc_data   main.o
    0x24001ab4        -       0x00000004   Zero   RW         1237    .bss.g_fac_us       delay.o
    0x24001ab8        -       0x00000001   Zero   RW         1423    .bss.gt9xxx_scan.t  gt9xxx.o
    0x24001ab9   0x0801f364   0x00000003   PAD
    0x24001abc        -       0x0000004c   Zero   RW           46    .bss.hsram1         fmc.o
    0x24001b08        -       0x0000004c   Zero   RW           47    .bss.hsram2         fmc.o
    0x24001b54        -       0x00000094   Zero   RW           70    .bss.huart1         usart.o
    0x24001be8        -       0x0000006c   Zero   RW         1264    .bss.ui_row_cache   fmc_fpga.o
    0x24001c54        -       0x00000004   Zero   RW          721    .bss.uwTick         stm32h7xx_hal.o
    0x24001c58        -       0x00000400   Zero   RW            1    STACK               startup_stm32h723xx.o


==============================================================================

Image component sizes


      Code (inc. data)   RO Data    RW Data    ZI Data      Debug   Object Name

         0          0      79064          0          0      10598   commontables.o
      1562          0          0          0          0       6760   ctiic.o
        94          0          0          0          4       1378   delay.o
        36          0          0          0          0     362546   filteringfunctions.o
       456          0          0          0        153       9413   fmc.o
      4376        212         13          0        136      21116   fmc_fpga.o
       292          0          0          0          0       3100   gpio.o
       928         12         20          1          1       5360   gt9xxx.o
      3040         12      12160          0          0      19527   lcd.o
      3952          0          0          0          0       1002   lcd_ic_init.o
      1336         28         14          4         92      11742   lcd_init.o
       684          0          0          0       6144       6430   main.o
        60          0        404          0        464       6548   my_fft.o
        36          8        716          0       1024        832   startup_stm32h723xx.o
       258          0          0          8          4      15992   stm32h7xx_hal.o
       320          0          0          0          0      12405   stm32h7xx_hal_cortex.o
       442          0          0          0          0       6985   stm32h7xx_hal_gpio.o
        32          0          0          0          0       2215   stm32h7xx_hal_msp.o
        76          0          0          0          0       9720   stm32h7xx_hal_pwr_ex.o
      2472         24          0          0          0      11661   stm32h7xx_hal_rcc.o
      3898        144          0          0          0      20038   stm32h7xx_hal_rcc_ex.o
       108          0          0          0          0      13969   stm32h7xx_hal_sram.o
      3156        332         36          0          0      43792   stm32h7xx_hal_uart.o
       334          0         16          0          0      11563   stm32h7xx_hal_uart_ex.o
        20          0          0          0          0       1152   stm32h7xx_it.o
       314          0          0          0          0       9154   stm32h7xx_ll_fmc.o
       176          0         16          8          0       5258   system_stm32h7xx.o
      2010          0          0         72          0       4745   touch.o
       376          0          0          0          0     211389   transformfunctions.o
       302          0          0          0        148       9217   usart.o

    ----------------------------------------------------------------------
     31436        784      92496         96       8180     855607   Object Totals
         0          0         32          0          0          0   (incl. Generated)
       290         12          5          3         10          0   (incl. Padding)

    ----------------------------------------------------------------------

      Code (inc. data)   RO Data    RW Data    ZI Data      Debug   Library Member Name

         0          0          0          0          0          0   entry.o
         0          0          0          0          0          0   entry10a.o
         0          0          0          0          0          0   entry11a.o
         8          4          0          0          0          0   entry2.o
         4          0          0          0          0          0   entry5.o
         0          0          0          0          0          0   entry7b.o
         0          0          0          0          0          0   entry8b.o
         8          4          0          0          0          0   entry9a.o
        30          0          0          0          0          0   handlers.o
        48         10          0          0          0         68   init.o
         0          0          0          0          0          0   iusefp.o
        30          0          0          0          0         68   llshl.o
        36          0          0          0          0         68   llsshr.o
        32          0          0          0          0         68   llushr.o
        36          0          0          0          0        108   memseta.o
      2308         96          0          0          0        604   printfa.o
         0          0          0          4          0          0   stdout.o
        30          0          0          0          0         80   strncmp.o
        24          0          0          0          0         76   strncpy.o
        44          0          0          0          0         80   uidiv.o
        98          0          0          0          0         92   uldiv.o
        48          0          0          0          0         68   cdrcmple.o
       334          0          0          0          0        148   dadd.o
       222          0          0          0          0        100   ddiv.o
       186          0          0          0          0        176   depilogue.o
        48          0          0          0          0         68   dfixul.o
       228          0          0          0          0         96   dmul.o

    ----------------------------------------------------------------------
      3812        114          0          4          0       1968   Library Totals
        10          0          0          0          0          0   (incl. Padding)

    ----------------------------------------------------------------------

      Code (inc. data)   RO Data    RW Data    ZI Data      Debug   Library Name

      2736        114          0          4          0       1312   mc_w.l
      1066          0          0          0          0        656   mf_w.l

    ----------------------------------------------------------------------
      3812        114          0          4          0       1968   Library Totals

    ----------------------------------------------------------------------

==============================================================================


      Code (inc. data)   RO Data    RW Data    ZI Data      Debug   

     35248        898      92496        100       8180     856199   Grand Totals
     35248        898      92496        100       8180     856199   ELF Image Totals
     35248        898      92496        100          0          0   ROM Totals

==============================================================================

    Total RO  Size (Code + RO Data)               127744 ( 124.75kB)
    Total RW  Size (RW Data + ZI Data)              8280 (   8.09kB)
    Total ROM Size (Code + RO Data + RW Data)     127844 ( 124.85kB)

==============================================================================

